-- Logs begin at Mon 2018-07-09 21:32:35 UTC, end at Mon 2018-07-09 21:48:50 UTC. --
Jul 09 21:32:35 ubuntu kernel: Linux version 4.17.5 (root@smaug) (gcc version 5.4.0 20160609 (Ubuntu 5.4.0-6ubuntu1~16.04.10)) #1 SMP Mon Jul 9 11:58:10 PDT 2018
Jul 09 21:32:35 ubuntu kernel: Command line: BOOT_IMAGE=/casper/vmlinuz file=/cdrom/preseed/ubuntu.seed boot=casper quiet splash ---
Jul 09 21:32:35 ubuntu kernel: KERNEL supported cpus:
Jul 09 21:32:35 ubuntu kernel:   Intel GenuineIntel
Jul 09 21:32:35 ubuntu kernel:   AMD AuthenticAMD
Jul 09 21:32:35 ubuntu kernel:   Centaur CentaurHauls
Jul 09 21:32:35 ubuntu kernel: x86/fpu: x87 FPU will use FXSAVE
Jul 09 21:32:35 ubuntu kernel: e820: BIOS-provided physical RAM map:
Jul 09 21:32:35 ubuntu kernel: BIOS-e820: [mem 0x0000000000000000-0x000000000008efff] usable
Jul 09 21:32:35 ubuntu kernel: BIOS-e820: [mem 0x000000000008f000-0x000000000008ffff] ACPI NVS
Jul 09 21:32:35 ubuntu kernel: BIOS-e820: [mem 0x0000000000090000-0x000000000009dfff] usable
Jul 09 21:32:35 ubuntu kernel: BIOS-e820: [mem 0x000000000009e000-0x000000000009ffff] reserved
Jul 09 21:32:35 ubuntu kernel: BIOS-e820: [mem 0x0000000000100000-0x000000001fffffff] usable
Jul 09 21:32:35 ubuntu kernel: BIOS-e820: [mem 0x0000000020000000-0x00000000201fffff] reserved
Jul 09 21:32:35 ubuntu kernel: BIOS-e820: [mem 0x0000000020200000-0x000000007ad04fff] usable
Jul 09 21:32:35 ubuntu kernel: BIOS-e820: [mem 0x000000007ad05000-0x000000007ad34fff] reserved
Jul 09 21:32:35 ubuntu kernel: BIOS-e820: [mem 0x000000007ad35000-0x000000007ad5ffff] ACPI data
Jul 09 21:32:35 ubuntu kernel: BIOS-e820: [mem 0x000000007ad60000-0x000000007b5b2fff] ACPI NVS
Jul 09 21:32:35 ubuntu kernel: BIOS-e820: [mem 0x000000007b5b3000-0x000000007b870fff] reserved
Jul 09 21:32:35 ubuntu kernel: BIOS-e820: [mem 0x000000007b871000-0x000000007b8f9fff] type 20
Jul 09 21:32:35 ubuntu kernel: BIOS-e820: [mem 0x000000007b8fa000-0x000000007bffffff] usable
Jul 09 21:32:35 ubuntu kernel: BIOS-e820: [mem 0x00000000e0000000-0x00000000e3ffffff] reserved
Jul 09 21:32:35 ubuntu kernel: BIOS-e820: [mem 0x00000000fea00000-0x00000000feafffff] reserved
Jul 09 21:32:35 ubuntu kernel: BIOS-e820: [mem 0x00000000fec00000-0x00000000fec00fff] reserved
Jul 09 21:32:35 ubuntu kernel: BIOS-e820: [mem 0x00000000fed01000-0x00000000fed01fff] reserved
Jul 09 21:32:35 ubuntu kernel: BIOS-e820: [mem 0x00000000fed03000-0x00000000fed03fff] reserved
Jul 09 21:32:35 ubuntu kernel: BIOS-e820: [mem 0x00000000fed06000-0x00000000fed06fff] reserved
Jul 09 21:32:35 ubuntu kernel: BIOS-e820: [mem 0x00000000fed08000-0x00000000fed09fff] reserved
Jul 09 21:32:35 ubuntu kernel: BIOS-e820: [mem 0x00000000fed1c000-0x00000000fed1cfff] reserved
Jul 09 21:32:35 ubuntu kernel: BIOS-e820: [mem 0x00000000fed80000-0x00000000fedbffff] reserved
Jul 09 21:32:35 ubuntu kernel: BIOS-e820: [mem 0x00000000fee00000-0x00000000fee00fff] reserved
Jul 09 21:32:35 ubuntu kernel: BIOS-e820: [mem 0x00000000ffa00000-0x00000000ffffffff] reserved
Jul 09 21:32:35 ubuntu kernel: BIOS-e820: [mem 0x0000000100000000-0x000000017fffffff] usable
Jul 09 21:32:35 ubuntu kernel: NX (Execute Disable) protection: active
Jul 09 21:32:35 ubuntu kernel: efi: EFI v2.40 by American Megatrends
Jul 09 21:32:35 ubuntu kernel: efi:  ESRT=0x7ad33000  ACPI=0x7ad3d000  ACPI 2.0=0x7ad3d000  SMBIOS=0x7b770000  SMBIOS 3.0=0x7b76f000 
Jul 09 21:32:35 ubuntu kernel: SMBIOS 3.0.0 present.
Jul 09 21:32:35 ubuntu kernel: DMI: Hampoo P02BD6_HI-122LP/Cherry Trail CR, BIOS 5.11 11/07/2017
Jul 09 21:32:35 ubuntu kernel: e820: update [mem 0x00000000-0x00000fff] usable ==> reserved
Jul 09 21:32:35 ubuntu kernel: e820: remove [mem 0x000a0000-0x000fffff] usable
Jul 09 21:32:35 ubuntu kernel: e820: last_pfn = 0x180000 max_arch_pfn = 0x400000000
Jul 09 21:32:35 ubuntu kernel: MTRR default type: uncachable
Jul 09 21:32:35 ubuntu kernel: MTRR fixed ranges enabled:
Jul 09 21:32:35 ubuntu kernel:   00000-9FFFF write-back
Jul 09 21:32:35 ubuntu kernel:   A0000-FFFFF write-protect
Jul 09 21:32:35 ubuntu kernel: MTRR variable ranges enabled:
Jul 09 21:32:35 ubuntu kernel:   0 base 000000000 mask F80000000 write-back
Jul 09 21:32:35 ubuntu kernel:   1 base 07E000000 mask FFE000000 uncachable
Jul 09 21:32:35 ubuntu kernel:   2 base 07D000000 mask FFF000000 uncachable
Jul 09 21:32:35 ubuntu kernel:   3 base 07C800000 mask FFF800000 uncachable
Jul 09 21:32:35 ubuntu kernel:   4 base 100000000 mask F80000000 write-back
Jul 09 21:32:35 ubuntu kernel:   5 base 07C400000 mask FFFC00000 uncachable
Jul 09 21:32:35 ubuntu kernel:   6 disabled
Jul 09 21:32:35 ubuntu kernel:   7 disabled
Jul 09 21:32:35 ubuntu kernel: x86/PAT: Configuration [0-7]: WB  WC  UC- UC  WB  WP  UC- WT  
Jul 09 21:32:35 ubuntu kernel: total RAM covered: 4036M
Jul 09 21:32:35 ubuntu kernel: Found optimal setting for mtrr clean up
Jul 09 21:32:35 ubuntu kernel:  gran_size: 64K         chunk_size: 64M         num_reg: 6          lose cover RAM: 0G
Jul 09 21:32:35 ubuntu kernel: e820: update [mem 0x7c400000-0xffffffff] usable ==> reserved
Jul 09 21:32:35 ubuntu kernel: e820: last_pfn = 0x7c000 max_arch_pfn = 0x400000000
Jul 09 21:32:35 ubuntu kernel: esrt: ESRT header is not in the memory map.
Jul 09 21:32:35 ubuntu kernel: Scanning 1 areas for low memory corruption
Jul 09 21:32:35 ubuntu kernel: Base memory trampoline at [        (ptrval)] 98000 size 24576
Jul 09 21:32:35 ubuntu kernel: BRK [0x14120c000, 0x14120cfff] PGTABLE
Jul 09 21:32:35 ubuntu kernel: BRK [0x14120d000, 0x14120dfff] PGTABLE
Jul 09 21:32:35 ubuntu kernel: BRK [0x14120e000, 0x14120efff] PGTABLE
Jul 09 21:32:35 ubuntu kernel: BRK [0x14120f000, 0x14120ffff] PGTABLE
Jul 09 21:32:35 ubuntu kernel: BRK [0x141210000, 0x141210fff] PGTABLE
Jul 09 21:32:35 ubuntu kernel: BRK [0x141211000, 0x141211fff] PGTABLE
Jul 09 21:32:35 ubuntu kernel: BRK [0x141212000, 0x141212fff] PGTABLE
Jul 09 21:32:35 ubuntu kernel: BRK [0x141213000, 0x141213fff] PGTABLE
Jul 09 21:32:35 ubuntu kernel: Secure boot could not be determined
Jul 09 21:32:35 ubuntu kernel: RAMDISK: [mem 0x30e30000-0x3470ffff]
Jul 09 21:32:35 ubuntu kernel: ACPI: Early table checksum verification disabled
Jul 09 21:32:35 ubuntu kernel: ACPI: RSDP 0x000000007AD3D000 000024 (v02 ALASKA)
Jul 09 21:32:35 ubuntu kernel: ACPI: XSDT 0x000000007AD3D0B0 0000DC (v01 ALASKA A M I    01072009 AMI  00010013)
Jul 09 21:32:35 ubuntu kernel: ACPI: FACP 0x000000007AD59840 00010C (v05 ALASKA A M I    01072009 AMI  00010013)
Jul 09 21:32:35 ubuntu kernel: ACPI: DSDT 0x000000007AD3D218 01C624 (v02 ALASKA A M I    01072009 INTL 20120913)
Jul 09 21:32:35 ubuntu kernel: ACPI: FACS 0x000000007B5B2F80 000040
Jul 09 21:32:35 ubuntu kernel: ACPI: APIC 0x000000007AD59950 000084 (v03 ALASKA A M I    01072009 AMI  00010013)
Jul 09 21:32:35 ubuntu kernel: ACPI: FPDT 0x000000007AD599D8 000044 (v01 ALASKA A M I    01072009 AMI  00010013)
Jul 09 21:32:35 ubuntu kernel: ACPI: FIDT 0x000000007AD59A20 00009C (v01 ALASKA A M I    01072009 AMI  00010013)
Jul 09 21:32:35 ubuntu kernel: ACPI: MSDM 0x000000007AD59AC0 000055 (v03 ALASKA A M I    01072009 AMI  00010013)
Jul 09 21:32:35 ubuntu kernel: ACPI: MCFG 0x000000007AD59B18 00003C (v01 ALASKA A M I    01072009 MSFT 00000097)
Jul 09 21:32:35 ubuntu kernel: ACPI: SSDT 0x000000007AD59B58 0041C7 (v01 DptfTb DptfTab  00001000 INTL 20120913)
Jul 09 21:32:35 ubuntu kernel: ACPI: SSDT 0x000000007AD5DD20 000645 (v01 CpuDpf CpuDptf  00001000 INTL 20120913)
Jul 09 21:32:35 ubuntu kernel: ACPI: SSDT 0x000000007AD5E368 000058 (v01 LowPM  LowPwrM  00001000 INTL 20120913)
Jul 09 21:32:35 ubuntu kernel: ACPI: UEFI 0x000000007AD5E3C0 000042 (v01 ALASKA A M I    00000000      00000000)
Jul 09 21:32:35 ubuntu kernel: ACPI: SSDT 0x000000007AD5E408 000269 (v01 UsbCTb UsbCTab  00001000 INTL 20120913)
Jul 09 21:32:35 ubuntu kernel: ACPI: HPET 0x000000007AD5E678 000038 (v01 ALASKA A M I    01072009 AMI. 00000005)
Jul 09 21:32:35 ubuntu kernel: ACPI: SSDT 0x000000007AD5E6B0 000763 (v01 PmRef  CpuPm    00003000 INTL 20120913)
Jul 09 21:32:35 ubuntu kernel: ACPI: SSDT 0x000000007AD5EE18 000290 (v01 PmRef  Cpu0Tst  00003000 INTL 20120913)
Jul 09 21:32:35 ubuntu kernel: ACPI: SSDT 0x000000007AD5F0A8 00017A (v01 PmRef  ApTst    00003000 INTL 20120913)
Jul 09 21:32:35 ubuntu kernel: ACPI: SSDT 0x000000007AD5F228 00043A (v01 Intel_ Tpm2Tabl 00001000 INTL 20120913)
Jul 09 21:32:35 ubuntu kernel: ACPI: TPM2 0x000000007AD5F668 000034 (v03                 00000000      00000000)
Jul 09 21:32:35 ubuntu kernel: ACPI: LPIT 0x000000007AD5F6A0 000104 (v01 ALASKA A M I    00000005 MSFT 0100000D)
Jul 09 21:32:35 ubuntu kernel: ACPI: BCFG 0x000000007AD5F7A8 000139 (v01 INTEL  BATTCONF 00000001 ACPI 00000000)
Jul 09 21:32:35 ubuntu kernel: ACPI: PRAM 0x000000007AD5F8E8 000030 (v01                 00000001      00000000)
Jul 09 21:32:35 ubuntu kernel: ACPI: CSRT 0x000000007AD5F918 00014C (v00 INTEL  LANFORDC 00000005 MSFT 0100000D)
Jul 09 21:32:35 ubuntu kernel: ACPI: BGRT 0x000000007AD5FA68 000038 (v01 ALASKA A M I    01072009 AMI  00010013)
Jul 09 21:32:35 ubuntu kernel: ACPI: WDAT 0x000000007AD5FAA0 000104 (v01                 00000000      00000000)
Jul 09 21:32:35 ubuntu kernel: ACPI: Local APIC address 0xfee00000
Jul 09 21:32:35 ubuntu kernel: No NUMA configuration found
Jul 09 21:32:35 ubuntu kernel: Faking a node at [mem 0x0000000000000000-0x000000017fffffff]
Jul 09 21:32:35 ubuntu kernel: NODE_DATA(0) allocated [mem 0x17fffa000-0x17fffefff]
Jul 09 21:32:35 ubuntu kernel: Zone ranges:
Jul 09 21:32:35 ubuntu kernel:   DMA      [mem 0x0000000000001000-0x0000000000ffffff]
Jul 09 21:32:35 ubuntu kernel:   DMA32    [mem 0x0000000001000000-0x00000000ffffffff]
Jul 09 21:32:35 ubuntu kernel:   Normal   [mem 0x0000000100000000-0x000000017fffffff]
Jul 09 21:32:35 ubuntu kernel:   Device   empty
Jul 09 21:32:35 ubuntu kernel: Movable zone start for each node
Jul 09 21:32:35 ubuntu kernel: Early memory node ranges
Jul 09 21:32:35 ubuntu kernel:   node   0: [mem 0x0000000000001000-0x000000000008efff]
Jul 09 21:32:35 ubuntu kernel:   node   0: [mem 0x0000000000090000-0x000000000009dfff]
Jul 09 21:32:35 ubuntu kernel:   node   0: [mem 0x0000000000100000-0x000000001fffffff]
Jul 09 21:32:35 ubuntu kernel:   node   0: [mem 0x0000000020200000-0x000000007ad04fff]
Jul 09 21:32:35 ubuntu kernel:   node   0: [mem 0x000000007b8fa000-0x000000007bffffff]
Jul 09 21:32:35 ubuntu kernel:   node   0: [mem 0x0000000100000000-0x000000017fffffff]
Jul 09 21:32:35 ubuntu kernel: Initmem setup node 0 [mem 0x0000000000001000-0x000000017fffffff]
Jul 09 21:32:35 ubuntu kernel: On node 0 totalpages: 1028519
Jul 09 21:32:35 ubuntu kernel:   DMA zone: 64 pages used for memmap
Jul 09 21:32:35 ubuntu kernel:   DMA zone: 22 pages reserved
Jul 09 21:32:35 ubuntu kernel:   DMA zone: 3996 pages, LIFO batch:0
Jul 09 21:32:35 ubuntu kernel:   DMA32 zone: 7817 pages used for memmap
Jul 09 21:32:35 ubuntu kernel:   DMA32 zone: 500235 pages, LIFO batch:31
Jul 09 21:32:35 ubuntu kernel:   Normal zone: 8192 pages used for memmap
Jul 09 21:32:35 ubuntu kernel:   Normal zone: 524288 pages, LIFO batch:31
Jul 09 21:32:35 ubuntu kernel: Reserved but unavailable: 20057 pages
Jul 09 21:32:35 ubuntu kernel: Reserving Intel graphics memory at [mem 0x7ce00000-0x7edfffff]
Jul 09 21:32:35 ubuntu kernel: ACPI: PM-Timer IO Port: 0x408
Jul 09 21:32:35 ubuntu kernel: ACPI: Local APIC address 0xfee00000
Jul 09 21:32:35 ubuntu kernel: ACPI: LAPIC_NMI (acpi_id[0x01] high edge lint[0x1])
Jul 09 21:32:35 ubuntu kernel: ACPI: LAPIC_NMI (acpi_id[0x02] high edge lint[0x1])
Jul 09 21:32:35 ubuntu kernel: ACPI: LAPIC_NMI (acpi_id[0x03] high edge lint[0x1])
Jul 09 21:32:35 ubuntu kernel: ACPI: LAPIC_NMI (acpi_id[0x04] high edge lint[0x1])
Jul 09 21:32:35 ubuntu kernel: IOAPIC[0]: apic_id 1, version 32, address 0xfec00000, GSI 0-114
Jul 09 21:32:35 ubuntu kernel: ACPI: INT_SRC_OVR (bus 0 bus_irq 0 global_irq 2 dfl dfl)
Jul 09 21:32:35 ubuntu kernel: ACPI: INT_SRC_OVR (bus 0 bus_irq 9 global_irq 9 high level)
Jul 09 21:32:35 ubuntu kernel: ACPI: IRQ0 used by override.
Jul 09 21:32:35 ubuntu kernel: ACPI: IRQ9 used by override.
Jul 09 21:32:35 ubuntu kernel: Using ACPI (MADT) for SMP configuration information
Jul 09 21:32:35 ubuntu kernel: ACPI: HPET id: 0x8086a201 base: 0xfed00000
Jul 09 21:32:35 ubuntu kernel: smpboot: Allowing 4 CPUs, 0 hotplug CPUs
Jul 09 21:32:35 ubuntu kernel: PM: Registered nosave memory: [mem 0x00000000-0x00000fff]
Jul 09 21:32:35 ubuntu kernel: PM: Registered nosave memory: [mem 0x0008f000-0x0008ffff]
Jul 09 21:32:35 ubuntu kernel: PM: Registered nosave memory: [mem 0x0009e000-0x0009ffff]
Jul 09 21:32:35 ubuntu kernel: PM: Registered nosave memory: [mem 0x000a0000-0x000fffff]
Jul 09 21:32:35 ubuntu kernel: PM: Registered nosave memory: [mem 0x20000000-0x201fffff]
Jul 09 21:32:35 ubuntu kernel: PM: Registered nosave memory: [mem 0x7ad05000-0x7ad34fff]
Jul 09 21:32:35 ubuntu kernel: PM: Registered nosave memory: [mem 0x7ad35000-0x7ad5ffff]
Jul 09 21:32:35 ubuntu kernel: PM: Registered nosave memory: [mem 0x7ad60000-0x7b5b2fff]
Jul 09 21:32:35 ubuntu kernel: PM: Registered nosave memory: [mem 0x7b5b3000-0x7b870fff]
Jul 09 21:32:35 ubuntu kernel: PM: Registered nosave memory: [mem 0x7b871000-0x7b8f9fff]
Jul 09 21:32:35 ubuntu kernel: PM: Registered nosave memory: [mem 0x7c000000-0x7cdfffff]
Jul 09 21:32:35 ubuntu kernel: PM: Registered nosave memory: [mem 0x7ce00000-0x7edfffff]
Jul 09 21:32:35 ubuntu kernel: PM: Registered nosave memory: [mem 0x7ee00000-0xdfffffff]
Jul 09 21:32:35 ubuntu kernel: PM: Registered nosave memory: [mem 0xe0000000-0xe3ffffff]
Jul 09 21:32:35 ubuntu kernel: PM: Registered nosave memory: [mem 0xe4000000-0xfe9fffff]
Jul 09 21:32:35 ubuntu kernel: PM: Registered nosave memory: [mem 0xfea00000-0xfeafffff]
Jul 09 21:32:35 ubuntu kernel: PM: Registered nosave memory: [mem 0xfeb00000-0xfebfffff]
Jul 09 21:32:35 ubuntu kernel: PM: Registered nosave memory: [mem 0xfec00000-0xfec00fff]
Jul 09 21:32:35 ubuntu kernel: PM: Registered nosave memory: [mem 0xfec01000-0xfed00fff]
Jul 09 21:32:35 ubuntu kernel: PM: Registered nosave memory: [mem 0xfed01000-0xfed01fff]
Jul 09 21:32:35 ubuntu kernel: PM: Registered nosave memory: [mem 0xfed02000-0xfed02fff]
Jul 09 21:32:35 ubuntu kernel: PM: Registered nosave memory: [mem 0xfed03000-0xfed03fff]
Jul 09 21:32:35 ubuntu kernel: PM: Registered nosave memory: [mem 0xfed04000-0xfed05fff]
Jul 09 21:32:35 ubuntu kernel: PM: Registered nosave memory: [mem 0xfed06000-0xfed06fff]
Jul 09 21:32:35 ubuntu kernel: PM: Registered nosave memory: [mem 0xfed07000-0xfed07fff]
Jul 09 21:32:35 ubuntu kernel: PM: Registered nosave memory: [mem 0xfed08000-0xfed09fff]
Jul 09 21:32:35 ubuntu kernel: PM: Registered nosave memory: [mem 0xfed0a000-0xfed1bfff]
Jul 09 21:32:35 ubuntu kernel: PM: Registered nosave memory: [mem 0xfed1c000-0xfed1cfff]
Jul 09 21:32:35 ubuntu kernel: PM: Registered nosave memory: [mem 0xfed1d000-0xfed7ffff]
Jul 09 21:32:35 ubuntu kernel: PM: Registered nosave memory: [mem 0xfed80000-0xfedbffff]
Jul 09 21:32:35 ubuntu kernel: PM: Registered nosave memory: [mem 0xfedc0000-0xfedfffff]
Jul 09 21:32:35 ubuntu kernel: PM: Registered nosave memory: [mem 0xfee00000-0xfee00fff]
Jul 09 21:32:35 ubuntu kernel: PM: Registered nosave memory: [mem 0xfee01000-0xff9fffff]
Jul 09 21:32:35 ubuntu kernel: PM: Registered nosave memory: [mem 0xffa00000-0xffffffff]
Jul 09 21:32:35 ubuntu kernel: e820: [mem 0x7ee00000-0xdfffffff] available for PCI devices
Jul 09 21:32:35 ubuntu kernel: Booting paravirtualized kernel on bare hardware
Jul 09 21:32:35 ubuntu kernel: clocksource: refined-jiffies: mask: 0xffffffff max_cycles: 0xffffffff, max_idle_ns: 7645519600211568 ns
Jul 09 21:32:35 ubuntu kernel: random: get_random_bytes called from start_kernel+0x94/0x4f1 with crng_init=0
Jul 09 21:32:35 ubuntu kernel: setup_percpu: NR_CPUS:512 nr_cpumask_bits:512 nr_cpu_ids:4 nr_node_ids:1
Jul 09 21:32:35 ubuntu kernel: percpu: Embedded 45 pages/cpu @        (ptrval) s146904 r8192 d29224 u524288
Jul 09 21:32:35 ubuntu kernel: pcpu-alloc: s146904 r8192 d29224 u524288 alloc=1*2097152
Jul 09 21:32:35 ubuntu kernel: pcpu-alloc: [0] 0 1 2 3 
Jul 09 21:32:35 ubuntu kernel: Built 1 zonelists, mobility grouping on.  Total pages: 1012424
Jul 09 21:32:35 ubuntu kernel: Policy zone: Normal
Jul 09 21:32:35 ubuntu kernel: Kernel command line: BOOT_IMAGE=/casper/vmlinuz file=/cdrom/preseed/ubuntu.seed boot=casper quiet splash ---
Jul 09 21:32:35 ubuntu kernel: Calgary: detecting Calgary via BIOS EBDA area
Jul 09 21:32:35 ubuntu kernel: Calgary: Unable to locate Rio Grande table in EBDA - bailing!
Jul 09 21:32:35 ubuntu kernel: Memory: 3850160K/4114076K available (12300K kernel code, 1589K rwdata, 4020K rodata, 1720K init, 1160K bss, 263916K reserved, 0K cma-reserved)
Jul 09 21:32:35 ubuntu kernel: SLUB: HWalign=64, Order=0-3, MinObjects=0, CPUs=4, Nodes=1
Jul 09 21:32:35 ubuntu kernel: Kernel/User page tables isolation: enabled
Jul 09 21:32:35 ubuntu kernel: ftrace: allocating 39172 entries in 154 pages
Jul 09 21:32:35 ubuntu kernel: Hierarchical RCU implementation.
Jul 09 21:32:35 ubuntu kernel:         RCU restricting CPUs from NR_CPUS=512 to nr_cpu_ids=4.
Jul 09 21:32:35 ubuntu kernel:         Tasks RCU enabled.
Jul 09 21:32:35 ubuntu kernel: RCU: Adjusting geometry for rcu_fanout_leaf=16, nr_cpu_ids=4
Jul 09 21:32:35 ubuntu kernel: NR_IRQS: 33024, nr_irqs: 1024, preallocated irqs: 16
Jul 09 21:32:35 ubuntu kernel: Console: colour dummy device 80x25
Jul 09 21:32:35 ubuntu kernel: console [tty0] enabled
Jul 09 21:32:35 ubuntu kernel: ACPI: Core revision 20180313
Jul 09 21:32:35 ubuntu kernel: clocksource: hpet: mask: 0xffffffff max_cycles: 0xffffffff, max_idle_ns: 133484882848 ns
Jul 09 21:32:35 ubuntu kernel: hpet clockevent registered
Jul 09 21:32:35 ubuntu kernel: APIC: Switch to symmetric I/O mode setup
Jul 09 21:32:35 ubuntu kernel: ..TIMER: vector=0x30 apic1=0 pin1=2 apic2=0 pin2=0
Jul 09 21:32:35 ubuntu kernel: tsc: Detected 1440.000 MHz processor
Jul 09 21:32:35 ubuntu kernel: clocksource: tsc-early: mask: 0xffffffffffffffff max_cycles: 0x14c1baf3789, max_idle_ns: 440795266465 ns
Jul 09 21:32:35 ubuntu kernel: Calibrating delay loop (skipped), value calculated using timer frequency.. 2880.00 BogoMIPS (lpj=5760000)
Jul 09 21:32:35 ubuntu kernel: pid_max: default: 32768 minimum: 301
Jul 09 21:32:35 ubuntu kernel: Security Framework initialized
Jul 09 21:32:35 ubuntu kernel: Yama: becoming mindful.
Jul 09 21:32:35 ubuntu kernel: AppArmor: AppArmor initialized
Jul 09 21:32:35 ubuntu kernel: Dentry cache hash table entries: 524288 (order: 10, 4194304 bytes)
Jul 09 21:32:35 ubuntu kernel: Inode-cache hash table entries: 262144 (order: 9, 2097152 bytes)
Jul 09 21:32:35 ubuntu kernel: Mount-cache hash table entries: 8192 (order: 4, 65536 bytes)
Jul 09 21:32:35 ubuntu kernel: Mountpoint-cache hash table entries: 8192 (order: 4, 65536 bytes)
Jul 09 21:32:35 ubuntu kernel: CPU: Physical Processor ID: 0
Jul 09 21:32:35 ubuntu kernel: CPU: Processor Core ID: 0
Jul 09 21:32:35 ubuntu kernel: ENERGY_PERF_BIAS: Set to 'normal', was 'performance'
Jul 09 21:32:35 ubuntu kernel: ENERGY_PERF_BIAS: View and update with x86_energy_perf_policy(8)
Jul 09 21:32:35 ubuntu kernel: mce: CPU supports 6 MCE banks
Jul 09 21:32:35 ubuntu kernel: CPU0: Thermal monitoring enabled (TM1)
Jul 09 21:32:35 ubuntu kernel: process: using mwait in idle threads
Jul 09 21:32:35 ubuntu kernel: Last level iTLB entries: 4KB 48, 2MB 0, 4MB 0
Jul 09 21:32:35 ubuntu kernel: Last level dTLB entries: 4KB 256, 2MB 16, 4MB 16, 1GB 0
Jul 09 21:32:35 ubuntu kernel: Spectre V2 : Mitigation: Full generic retpoline
Jul 09 21:32:35 ubuntu kernel: Freeing SMP alternatives memory: 36K
Jul 09 21:32:35 ubuntu kernel: TSC deadline timer enabled
Jul 09 21:32:35 ubuntu kernel: smpboot: CPU0: Intel(R) Atom(TM) x5-Z8350  CPU @ 1.44GHz (family: 0x6, model: 0x4c, stepping: 0x4)
Jul 09 21:32:35 ubuntu kernel: Performance Events: PEBS fmt2+, 8-deep LBR, Silvermont events, 8-deep LBR, full-width counters, Intel PMU driver.
Jul 09 21:32:35 ubuntu kernel: ... version:                3
Jul 09 21:32:35 ubuntu kernel: ... bit width:              40
Jul 09 21:32:35 ubuntu kernel: ... generic registers:      2
Jul 09 21:32:35 ubuntu kernel: ... value mask:             000000ffffffffff
Jul 09 21:32:35 ubuntu kernel: ... max period:             0000007fffffffff
Jul 09 21:32:35 ubuntu kernel: ... fixed-purpose events:   3
Jul 09 21:32:35 ubuntu kernel: ... event mask:             0000000700000003
Jul 09 21:32:35 ubuntu kernel: Hierarchical SRCU implementation.
Jul 09 21:32:35 ubuntu kernel: NMI watchdog: Enabled. Permanently consumes one hw-PMU counter.
Jul 09 21:32:35 ubuntu kernel: smp: Bringing up secondary CPUs ...
Jul 09 21:32:35 ubuntu kernel: x86: Booting SMP configuration:
Jul 09 21:32:35 ubuntu kernel: .... node  #0, CPUs:      #1 #2 #3
Jul 09 21:32:35 ubuntu kernel: smp: Brought up 1 node, 4 CPUs
Jul 09 21:32:35 ubuntu kernel: smpboot: Max logical packages: 1
Jul 09 21:32:35 ubuntu kernel: smpboot: Total of 4 processors activated (11520.00 BogoMIPS)
Jul 09 21:32:35 ubuntu kernel: devtmpfs: initialized
Jul 09 21:32:35 ubuntu kernel: x86/mm: Memory block size: 128MB
Jul 09 21:32:35 ubuntu kernel: evm: security.selinux
Jul 09 21:32:35 ubuntu kernel: evm: security.SMACK64
Jul 09 21:32:35 ubuntu kernel: evm: security.SMACK64EXEC
Jul 09 21:32:35 ubuntu kernel: evm: security.SMACK64TRANSMUTE
Jul 09 21:32:35 ubuntu kernel: evm: security.SMACK64MMAP
Jul 09 21:32:35 ubuntu kernel: evm: security.apparmor
Jul 09 21:32:35 ubuntu kernel: evm: security.ima
Jul 09 21:32:35 ubuntu kernel: evm: security.capability
Jul 09 21:32:35 ubuntu kernel: PM: Registering ACPI NVS region [mem 0x0008f000-0x0008ffff] (4096 bytes)
Jul 09 21:32:35 ubuntu kernel: PM: Registering ACPI NVS region [mem 0x7ad60000-0x7b5b2fff] (8728576 bytes)
Jul 09 21:32:35 ubuntu kernel: clocksource: jiffies: mask: 0xffffffff max_cycles: 0xffffffff, max_idle_ns: 7645041785100000 ns
Jul 09 21:32:35 ubuntu kernel: futex hash table entries: 1024 (order: 4, 65536 bytes)
Jul 09 21:32:35 ubuntu kernel: pinctrl core: initialized pinctrl subsystem
Jul 09 21:32:35 ubuntu kernel: RTC time: 21:32:14, date: 07/09/18
Jul 09 21:32:35 ubuntu kernel: NET: Registered protocol family 16
Jul 09 21:32:35 ubuntu kernel: audit: initializing netlink subsys (disabled)
Jul 09 21:32:35 ubuntu kernel: audit: type=2000 audit(1531171934.040:1): state=initialized audit_enabled=0 res=1
Jul 09 21:32:35 ubuntu kernel: cpuidle: using governor ladder
Jul 09 21:32:35 ubuntu kernel: cpuidle: using governor menu
Jul 09 21:32:35 ubuntu kernel: ACPI: bus type PCI registered
Jul 09 21:32:35 ubuntu kernel: acpiphp: ACPI Hot Plug PCI Controller Driver version: 0.5
Jul 09 21:32:35 ubuntu kernel: PCI: MMCONFIG for domain 0000 [bus 00-ff] at [mem 0xe0000000-0xefffffff] (base 0xe0000000)
Jul 09 21:32:35 ubuntu kernel: PCI: MMCONFIG at [mem 0xe0000000-0xefffffff] reserved in E820
Jul 09 21:32:35 ubuntu kernel: PCI: MMCONFIG for 0000 [bus00-3f] at [mem 0xe0000000-0xe3ffffff] (base 0xe0000000) (size reduced!)
Jul 09 21:32:35 ubuntu kernel: PCI: Using configuration type 1 for base access
Jul 09 21:32:35 ubuntu kernel: HugeTLB registered 2.00 MiB page size, pre-allocated 0 pages
Jul 09 21:32:35 ubuntu kernel: ACPI: Added _OSI(Module Device)
Jul 09 21:32:35 ubuntu kernel: ACPI: Added _OSI(Processor Device)
Jul 09 21:32:35 ubuntu kernel: ACPI: Added _OSI(3.0 _SCP Extensions)
Jul 09 21:32:35 ubuntu kernel: ACPI: Added _OSI(Processor Aggregator Device)
Jul 09 21:32:35 ubuntu kernel: ACPI: Added _OSI(Linux-Dell-Video)
Jul 09 21:32:35 ubuntu kernel: ACPI: 9 ACPI AML tables successfully acquired and loaded
Jul 09 21:32:35 ubuntu kernel: ACPI: Dynamic OEM Table Load:
Jul 09 21:32:35 ubuntu kernel: ACPI: SSDT 0xFFFF9FCD3A664000 00059C (v01 PmRef  Cpu0Ist  00003000 INTL 20120913)
Jul 09 21:32:35 ubuntu kernel: ACPI: Dynamic OEM Table Load:
Jul 09 21:32:35 ubuntu kernel: ACPI: SSDT 0xFFFF9FCD3A7CC400 0003A5 (v01 PmRef  Cpu0Cst  00003001 INTL 20120913)
Jul 09 21:32:35 ubuntu kernel: ACPI: Dynamic OEM Table Load:
Jul 09 21:32:35 ubuntu kernel: ACPI: SSDT 0xFFFF9FCD3A6C6600 00015F (v01 PmRef  ApIst    00003000 INTL 20120913)
Jul 09 21:32:35 ubuntu kernel: ACPI: Dynamic OEM Table Load:
Jul 09 21:32:35 ubuntu kernel: ACPI: SSDT 0xFFFF9FCD3A6B5F00 00008D (v01 PmRef  ApCst    00003000 INTL 20120913)
Jul 09 21:32:35 ubuntu kernel: ACPI: Interpreter enabled
Jul 09 21:32:35 ubuntu kernel: ACPI: (supports S0 S4 S5)
Jul 09 21:32:35 ubuntu kernel: ACPI: Using IOAPIC for interrupt routing
Jul 09 21:32:35 ubuntu kernel: PCI: Using host bridge windows from ACPI; if necessary, use "pci=nocrs" and report a bug
Jul 09 21:32:35 ubuntu kernel: ACPI: Power Resource [P06X] (off)
Jul 09 21:32:35 ubuntu kernel: ACPI: Power Resource [ID3C] (on)
Jul 09 21:32:35 ubuntu kernel: ACPI: Power Resource [USBC] (on)
Jul 09 21:32:35 ubuntu kernel: ACPI: Power Resource [WWPR] (off)
Jul 09 21:32:35 ubuntu kernel: ACPI: Power Resource [WWPR] (off)
Jul 09 21:32:35 ubuntu kernel: ACPI: Power Resource [WWPR] (off)
Jul 09 21:32:35 ubuntu kernel: ACPI: Power Resource [WWPR] (off)
Jul 09 21:32:35 ubuntu kernel: ACPI: Power Resource [WWPR] (off)
Jul 09 21:32:35 ubuntu kernel: ACPI: Power Resource [WWPR] (off)
Jul 09 21:32:35 ubuntu kernel:  (null): Device [PWM1] is in always present list
Jul 09 21:32:35 ubuntu kernel: ACPI: Power Resource [CLK2] (on)
Jul 09 21:32:35 ubuntu kernel: ACPI: Power Resource [CLK4] (on)
Jul 09 21:32:35 ubuntu kernel: ACPI: Power Resource [P28P] (off)
Jul 09 21:32:35 ubuntu kernel: ACPI: Power Resource [P18P] (off)
Jul 09 21:32:35 ubuntu kernel: ACPI: Power Resource [CLK3] (on)
Jul 09 21:32:35 ubuntu kernel: ACPI: Power Resource [CLK4] (on)
Jul 09 21:32:35 ubuntu kernel: ACPI: Power Resource [CLK2] (on)
Jul 09 21:32:35 ubuntu kernel: ACPI: Power Resource [CLK1] (on)
Jul 09 21:32:35 ubuntu kernel: ACPI: Power Resource [CLK0] (on)
Jul 09 21:32:35 ubuntu kernel: ACPI: Power Resource [CLK1] (on)
Jul 09 21:32:35 ubuntu kernel: ACPI: Power Resource [CLK5] (off)
Jul 09 21:32:35 ubuntu kernel:  (null): Device [GPED] is in always present list
Jul 09 21:32:35 ubuntu kernel: ACPI: Power Resource [P28X] (off)
Jul 09 21:32:35 ubuntu kernel: ACPI: Power Resource [P18X] (off)
Jul 09 21:32:35 ubuntu kernel: ACPI: Power Resource [P12X] (off)
Jul 09 21:32:35 ubuntu kernel: ACPI: Power Resource [P12P] (off)
Jul 09 21:32:35 ubuntu kernel: ACPI: Power Resource [P19X] (off)
Jul 09 21:32:35 ubuntu kernel: ACPI: Power Resource [P12A] (off)
Jul 09 21:32:35 ubuntu kernel: ACPI: Power Resource [P28T] (off)
Jul 09 21:32:35 ubuntu kernel: ACPI: Power Resource [P18D] (off)
Jul 09 21:32:35 ubuntu kernel: ACPI: Power Resource [P18T] (off)
Jul 09 21:32:35 ubuntu kernel: ACPI: Power Resource [P3P3] (off)
Jul 09 21:32:35 ubuntu kernel: ACPI: Power Resource [P12T] (off)
Jul 09 21:32:35 ubuntu kernel: ACPI: Power Resource [P28W] (off)
Jul 09 21:32:35 ubuntu kernel: ACPI: Power Resource [P18W] (off)
Jul 09 21:32:35 ubuntu kernel: ACPI: Power Resource [P12W] (off)
Jul 09 21:32:35 ubuntu kernel: ACPI: Power Resource [P33W] (off)
Jul 09 21:32:35 ubuntu kernel: ACPI: Power Resource [P33X] (off)
Jul 09 21:32:35 ubuntu kernel: ACPI: Power Resource [P4BW] (off)
Jul 09 21:32:35 ubuntu kernel: ACPI: PCI Root Bridge [PCI0] (domain 0000 [bus 00-ff])
Jul 09 21:32:35 ubuntu kernel: acpi PNP0A08:00: _OSC: OS supports [ExtendedConfig ASPM ClockPM Segments MSI]
Jul 09 21:32:35 ubuntu kernel: acpi PNP0A08:00: _OSC: OS now controls [PCIeHotplug PME AER PCIeCapability]
Jul 09 21:32:35 ubuntu kernel: acpi PNP0A08:00: [Firmware Info]: MMCONFIG for domain 0000 [bus 00-3f] only partially covers this bridge
Jul 09 21:32:35 ubuntu kernel: PCI host bridge to bus 0000:00
Jul 09 21:32:35 ubuntu kernel: pci_bus 0000:00: root bus resource [io  0x0070-0x0077]
Jul 09 21:32:35 ubuntu kernel: pci_bus 0000:00: root bus resource [io  0x0000-0x006f window]
Jul 09 21:32:35 ubuntu kernel: pci_bus 0000:00: root bus resource [io  0x0078-0x0cf7 window]
Jul 09 21:32:35 ubuntu kernel: pci_bus 0000:00: root bus resource [io  0x0d00-0xffff window]
Jul 09 21:32:35 ubuntu kernel: pci_bus 0000:00: root bus resource [mem 0x000a0000-0x000bffff window]
Jul 09 21:32:35 ubuntu kernel: pci_bus 0000:00: root bus resource [mem 0x000c0000-0x000dffff window]
Jul 09 21:32:35 ubuntu kernel: pci_bus 0000:00: root bus resource [mem 0x000e0000-0x000fffff window]
Jul 09 21:32:35 ubuntu kernel: pci_bus 0000:00: root bus resource [mem 0x20000000-0x201fffff window]
Jul 09 21:32:35 ubuntu kernel: pci_bus 0000:00: root bus resource [mem 0x7ce00001-0x7ee00000 window]
Jul 09 21:32:35 ubuntu kernel: pci_bus 0000:00: root bus resource [mem 0x80000000-0xdfffffff window]
Jul 09 21:32:35 ubuntu kernel: pci_bus 0000:00: root bus resource [bus 00-ff]
Jul 09 21:32:35 ubuntu kernel: pci 0000:00:00.0: [8086:2280] type 00 class 0x060000
Jul 09 21:32:35 ubuntu kernel: pci 0000:00:02.0: [8086:22b0] type 00 class 0x030000
Jul 09 21:32:35 ubuntu kernel: pci 0000:00:02.0: reg 0x10: [mem 0x90000000-0x90ffffff 64bit]
Jul 09 21:32:35 ubuntu kernel: pci 0000:00:02.0: reg 0x18: [mem 0x80000000-0x8fffffff 64bit pref]
Jul 09 21:32:35 ubuntu kernel: pci 0000:00:02.0: reg 0x20: [io  0xf000-0xf03f]
Jul 09 21:32:35 ubuntu kernel: pci 0000:00:02.0: BAR 2: assigned to efifb
Jul 09 21:32:35 ubuntu kernel: pci 0000:00:03.0: [8086:22b8] type 00 class 0x048000
Jul 09 21:32:35 ubuntu kernel: pci 0000:00:03.0: reg 0x10: [mem 0x91000000-0x913fffff]
Jul 09 21:32:35 ubuntu kernel: pci 0000:00:0b.0: [8086:22dc] type 00 class 0x118000
Jul 09 21:32:35 ubuntu kernel: pci 0000:00:0b.0: reg 0x10: [mem 0x9183b000-0x9183bfff 64bit]
Jul 09 21:32:35 ubuntu kernel: pci 0000:00:14.0: [8086:22b5] type 00 class 0x0c0330
Jul 09 21:32:35 ubuntu kernel: pci 0000:00:14.0: reg 0x10: [mem 0x91800000-0x9180ffff 64bit]
Jul 09 21:32:35 ubuntu kernel: pci 0000:00:14.0: PME# supported from D3hot D3cold
Jul 09 21:32:35 ubuntu kernel: pci 0000:00:1a.0: [8086:2298] type 00 class 0x108000
Jul 09 21:32:35 ubuntu kernel: pci 0000:00:1a.0: reg 0x10: [mem 0x91700000-0x917fffff]
Jul 09 21:32:35 ubuntu kernel: pci 0000:00:1a.0: reg 0x14: [mem 0x91600000-0x916fffff]
Jul 09 21:32:35 ubuntu kernel: pci 0000:00:1a.0: PME# supported from D0 D3hot
Jul 09 21:32:35 ubuntu kernel: pci 0000:00:1f.0: [8086:229c] type 00 class 0x060100
Jul 09 21:32:35 ubuntu kernel: ACPI: \: failed to evaluate _DSM (0x1001)
Jul 09 21:32:35 ubuntu kernel: platform 80860F14:03: Linked as a consumer to 808622C1:06
Jul 09 21:32:35 ubuntu kernel: ACPI: PCI Interrupt Link [LNKA] (IRQs 3 4 5 6 10 11 12 14 15) *0, disabled.
Jul 09 21:32:35 ubuntu kernel: ACPI: PCI Interrupt Link [LNKB] (IRQs 3 4 5 6 10 11 12 14 15) *0, disabled.
Jul 09 21:32:35 ubuntu kernel: ACPI: PCI Interrupt Link [LNKC] (IRQs 3 4 5 6 10 11 12 14 15) *0, disabled.
Jul 09 21:32:35 ubuntu kernel: ACPI: PCI Interrupt Link [LNKD] (IRQs 3 4 5 6 10 11 12 14 15) *0, disabled.
Jul 09 21:32:35 ubuntu kernel: ACPI: PCI Interrupt Link [LNKE] (IRQs 3 4 5 6 10 11 12 14 15) *0, disabled.
Jul 09 21:32:35 ubuntu kernel: ACPI: PCI Interrupt Link [LNKF] (IRQs 3 4 5 6 10 11 12 14 15) *0, disabled.
Jul 09 21:32:35 ubuntu kernel: ACPI: PCI Interrupt Link [LNKG] (IRQs 3 4 5 6 10 11 12 14 15) *0, disabled.
Jul 09 21:32:35 ubuntu kernel: ACPI: PCI Interrupt Link [LNKH] (IRQs 3 4 5 6 10 11 12 14 15) *0, disabled.
Jul 09 21:32:35 ubuntu kernel: pci 0000:00:02.0: vgaarb: setting as boot VGA device
Jul 09 21:32:35 ubuntu kernel: pci 0000:00:02.0: vgaarb: VGA device added: decodes=io+mem,owns=io+mem,locks=none
Jul 09 21:32:35 ubuntu kernel: pci 0000:00:02.0: vgaarb: bridge control possible
Jul 09 21:32:35 ubuntu kernel: vgaarb: loaded
Jul 09 21:32:35 ubuntu kernel: SCSI subsystem initialized
Jul 09 21:32:35 ubuntu kernel: libata version 3.00 loaded.
Jul 09 21:32:35 ubuntu kernel: ACPI: bus type USB registered
Jul 09 21:32:35 ubuntu kernel: usbcore: registered new interface driver usbfs
Jul 09 21:32:35 ubuntu kernel: usbcore: registered new interface driver hub
Jul 09 21:32:35 ubuntu kernel: usbcore: registered new device driver usb
Jul 09 21:32:35 ubuntu kernel: EDAC MC: Ver: 3.0.0
Jul 09 21:32:35 ubuntu kernel: Registered efivars operations
Jul 09 21:32:35 ubuntu kernel: PCI: Using ACPI for IRQ routing
Jul 09 21:32:35 ubuntu kernel: PCI: pci_cache_line_size set to 64 bytes
Jul 09 21:32:35 ubuntu kernel: Expanded resource Reserved due to conflict with PCI Bus 0000:00
Jul 09 21:32:35 ubuntu kernel: e820: reserve RAM buffer [mem 0x0008f000-0x0008ffff]
Jul 09 21:32:35 ubuntu kernel: e820: reserve RAM buffer [mem 0x0009e000-0x0009ffff]
Jul 09 21:32:35 ubuntu kernel: e820: reserve RAM buffer [mem 0x7ad05000-0x7bffffff]
Jul 09 21:32:35 ubuntu kernel: NetLabel: Initializing
Jul 09 21:32:35 ubuntu kernel: NetLabel:  domain hash size = 128
Jul 09 21:32:35 ubuntu kernel: NetLabel:  protocols = UNLABELED CIPSOv4 CALIPSO
Jul 09 21:32:35 ubuntu kernel: NetLabel:  unlabeled traffic allowed by default
Jul 09 21:32:35 ubuntu kernel: hpet0: at MMIO 0xfed00000, IRQs 2, 8, 0
Jul 09 21:32:35 ubuntu kernel: hpet0: 3 comparators, 64-bit 14.318180 MHz counter
Jul 09 21:32:35 ubuntu kernel: clocksource: Switched to clocksource tsc-early
Jul 09 21:32:35 ubuntu kernel: VFS: Disk quotas dquot_6.6.0
Jul 09 21:32:35 ubuntu kernel: VFS: Dquot-cache hash table entries: 512 (order 0, 4096 bytes)
Jul 09 21:32:35 ubuntu kernel: AppArmor: AppArmor Filesystem Enabled
Jul 09 21:32:35 ubuntu kernel: pnp: PnP ACPI init
Jul 09 21:32:35 ubuntu kernel: system 00:00: [io  0x0680-0x069f] has been reserved
Jul 09 21:32:35 ubuntu kernel: system 00:00: [io  0x0400-0x047f] could not be reserved
Jul 09 21:32:35 ubuntu kernel: system 00:00: [io  0x0500-0x05fe] has been reserved
Jul 09 21:32:35 ubuntu kernel: system 00:00: Plug and Play ACPI device, IDs PNP0c02 (active)
Jul 09 21:32:35 ubuntu kernel: pnp 00:01: Plug and Play ACPI device, IDs PNP0501 (active)
Jul 09 21:32:35 ubuntu kernel: system 00:02: [mem 0x91839000-0x91839fff] has been reserved
Jul 09 21:32:35 ubuntu kernel: system 00:02: [mem 0x91837000-0x91837fff] has been reserved
Jul 09 21:32:35 ubuntu kernel: system 00:02: [mem 0x91835000-0x91835fff] has been reserved
Jul 09 21:32:35 ubuntu kernel: system 00:02: [mem 0x91824000-0x91824fff] has been reserved
Jul 09 21:32:35 ubuntu kernel: system 00:02: [mem 0x91822000-0x91822fff] has been reserved
Jul 09 21:32:35 ubuntu kernel: system 00:02: [mem 0x91820000-0x91820fff] has been reserved
Jul 09 21:32:35 ubuntu kernel: system 00:02: [mem 0x9181e000-0x9181efff] has been reserved
Jul 09 21:32:35 ubuntu kernel: system 00:02: [mem 0x9181c000-0x9181cfff] has been reserved
Jul 09 21:32:35 ubuntu kernel: system 00:02: [mem 0x9181a000-0x9181afff] has been reserved
Jul 09 21:32:35 ubuntu kernel: system 00:02: [mem 0x91818000-0x91818fff] has been reserved
Jul 09 21:32:35 ubuntu kernel: system 00:02: [mem 0x91833000-0x91833fff] has been reserved
Jul 09 21:32:35 ubuntu kernel: system 00:02: [mem 0x91831000-0x91831fff] has been reserved
Jul 09 21:32:35 ubuntu kernel: system 00:02: [mem 0x9182f000-0x9182ffff] has been reserved
Jul 09 21:32:35 ubuntu kernel: system 00:02: [mem 0x9182d000-0x9182dfff] has been reserved
Jul 09 21:32:35 ubuntu kernel: system 00:02: [mem 0x9182b000-0x9182bfff] has been reserved
Jul 09 21:32:35 ubuntu kernel: system 00:02: [mem 0x91829000-0x91829fff] has been reserved
Jul 09 21:32:35 ubuntu kernel: system 00:02: [mem 0x91827000-0x91827fff] has been reserved
Jul 09 21:32:35 ubuntu kernel: system 00:02: [mem 0x91825000-0x91825fff] has been reserved
Jul 09 21:32:35 ubuntu kernel: system 00:02: Plug and Play ACPI device, IDs PNP0c02 (active)
Jul 09 21:32:35 ubuntu kernel: system 00:03: [mem 0xe0000000-0xefffffff] could not be reserved
Jul 09 21:32:35 ubuntu kernel: system 00:03: [mem 0xfea00000-0xfeafffff] has been reserved
Jul 09 21:32:35 ubuntu kernel: system 00:03: [mem 0xfed01000-0xfed01fff] has been reserved
Jul 09 21:32:35 ubuntu kernel: system 00:03: [mem 0xfed03000-0xfed03fff] has been reserved
Jul 09 21:32:35 ubuntu kernel: system 00:03: [mem 0xfed06000-0xfed06fff] has been reserved
Jul 09 21:32:35 ubuntu kernel: system 00:03: [mem 0xfed08000-0xfed09fff] has been reserved
Jul 09 21:32:35 ubuntu kernel: system 00:03: [mem 0xfed80000-0xfedbffff] could not be reserved
Jul 09 21:32:35 ubuntu kernel: system 00:03: [mem 0xfed1c000-0xfed1cfff] has been reserved
Jul 09 21:32:35 ubuntu kernel: system 00:03: [mem 0xfee00000-0xfeefffff] could not be reserved
Jul 09 21:32:35 ubuntu kernel: system 00:03: Plug and Play ACPI device, IDs PNP0c02 (active)
Jul 09 21:32:35 ubuntu kernel: pnp 00:04: Plug and Play ACPI device, IDs PNP0b00 (active)
Jul 09 21:32:35 ubuntu kernel: pnp: PnP ACPI: found 5 devices
Jul 09 21:32:35 ubuntu kernel: clocksource: acpi_pm: mask: 0xffffff max_cycles: 0xffffff, max_idle_ns: 2085701024 ns
Jul 09 21:32:35 ubuntu kernel: pci_bus 0000:00: resource 4 [io  0x0070-0x0077]
Jul 09 21:32:35 ubuntu kernel: pci_bus 0000:00: resource 5 [io  0x0000-0x006f window]
Jul 09 21:32:35 ubuntu kernel: pci_bus 0000:00: resource 6 [io  0x0078-0x0cf7 window]
Jul 09 21:32:35 ubuntu kernel: pci_bus 0000:00: resource 7 [io  0x0d00-0xffff window]
Jul 09 21:32:35 ubuntu kernel: pci_bus 0000:00: resource 8 [mem 0x000a0000-0x000bffff window]
Jul 09 21:32:35 ubuntu kernel: pci_bus 0000:00: resource 9 [mem 0x000c0000-0x000dffff window]
Jul 09 21:32:35 ubuntu kernel: pci_bus 0000:00: resource 10 [mem 0x000e0000-0x000fffff window]
Jul 09 21:32:35 ubuntu kernel: pci_bus 0000:00: resource 11 [mem 0x20000000-0x201fffff window]
Jul 09 21:32:35 ubuntu kernel: pci_bus 0000:00: resource 12 [mem 0x7ce00001-0x7ee00000 window]
Jul 09 21:32:35 ubuntu kernel: pci_bus 0000:00: resource 13 [mem 0x80000000-0xdfffffff window]
Jul 09 21:32:35 ubuntu kernel: NET: Registered protocol family 2
Jul 09 21:32:35 ubuntu kernel: tcp_listen_portaddr_hash hash table entries: 2048 (order: 3, 32768 bytes)
Jul 09 21:32:35 ubuntu kernel: TCP established hash table entries: 32768 (order: 6, 262144 bytes)
Jul 09 21:32:35 ubuntu kernel: TCP bind hash table entries: 32768 (order: 7, 524288 bytes)
Jul 09 21:32:35 ubuntu kernel: TCP: Hash tables configured (established 32768 bind 32768)
Jul 09 21:32:35 ubuntu kernel: UDP hash table entries: 2048 (order: 4, 65536 bytes)
Jul 09 21:32:35 ubuntu kernel: UDP-Lite hash table entries: 2048 (order: 4, 65536 bytes)
Jul 09 21:32:35 ubuntu kernel: NET: Registered protocol family 1
Jul 09 21:32:35 ubuntu kernel: pci 0000:00:02.0: Video device with shadowed ROM at [mem 0x000c0000-0x000dffff]
Jul 09 21:32:35 ubuntu kernel: PCI: CLS 64 bytes, default 64
Jul 09 21:32:35 ubuntu kernel: Trying to unpack rootfs image as initramfs...
Jul 09 21:32:35 ubuntu kernel: Freeing initrd memory: 58240K
Jul 09 21:32:35 ubuntu kernel: PCI-DMA: Using software bounce buffering for IO (SWIOTLB)
Jul 09 21:32:35 ubuntu kernel: software IO TLB [mem 0x7436c000-0x7836c000] (64MB) mapped at [        (ptrval)-        (ptrval)]
Jul 09 21:32:35 ubuntu kernel: clocksource: tsc: mask: 0xffffffffffffffff max_cycles: 0x14c1baf3789, max_idle_ns: 440795266465 ns
Jul 09 21:32:35 ubuntu kernel: clocksource: Switched to clocksource tsc
Jul 09 21:32:35 ubuntu kernel: Scanning for low memory corruption every 60 seconds
Jul 09 21:32:35 ubuntu kernel: Initialise system trusted keyrings
Jul 09 21:32:35 ubuntu kernel: workingset: timestamp_bits=40 max_order=20 bucket_order=0
Jul 09 21:32:35 ubuntu kernel: zbud: loaded
Jul 09 21:32:35 ubuntu kernel: squashfs: version 4.0 (2009/01/31) Phillip Lougher
Jul 09 21:32:35 ubuntu kernel: fuse init (API version 7.26)
Jul 09 21:32:35 ubuntu kernel: pstore: using deflate compression
Jul 09 21:32:35 ubuntu kernel: Allocating IMA blacklist keyring.
Jul 09 21:32:35 ubuntu kernel: Key type asymmetric registered
Jul 09 21:32:35 ubuntu kernel: Asymmetric key parser 'x509' registered
Jul 09 21:32:35 ubuntu kernel: Block layer SCSI generic (bsg) driver version 0.4 loaded (major 247)
Jul 09 21:32:35 ubuntu kernel: io scheduler noop registered
Jul 09 21:32:35 ubuntu kernel: io scheduler deadline registered (default)
Jul 09 21:32:35 ubuntu kernel: io scheduler cfq registered
Jul 09 21:32:35 ubuntu kernel: io scheduler mq-deadline registered (default)
Jul 09 21:32:35 ubuntu kernel: efifb: probing for efifb
Jul 09 21:32:35 ubuntu kernel: efifb: framebuffer at 0x80000000, using 1920k, total 1920k
Jul 09 21:32:35 ubuntu kernel: efifb: mode is 800x600x32, linelength=3200, pages=1
Jul 09 21:32:35 ubuntu kernel: efifb: scrolling: redraw
Jul 09 21:32:35 ubuntu kernel: efifb: Truecolor: size=8:8:8:8, shift=24:16:8:0
Jul 09 21:32:35 ubuntu kernel: Console: switching to colour frame buffer device 100x37
Jul 09 21:32:35 ubuntu kernel: fb0: EFI VGA frame buffer device
Jul 09 21:32:35 ubuntu kernel: intel_idle: MWAIT substates: 0x33000020
Jul 09 21:32:35 ubuntu kernel: intel_idle: v0.4.1 model 0x4C
Jul 09 21:32:35 ubuntu kernel: intel_idle: lapic_timer_reliable_states 0xffffffff
Jul 09 21:32:35 ubuntu kernel: ACPI: AC: found native INT33F4 PMIC, not loading
Jul 09 21:32:35 ubuntu kernel: input: Power Button as /devices/LNXSYSTM:00/LNXSYBUS:00/PNP0C0C:00/input/input0
Jul 09 21:32:35 ubuntu kernel: ACPI: Power Button [PWRB]
Jul 09 21:32:35 ubuntu kernel: input: Lid Switch as /devices/LNXSYSTM:00/LNXSYBUS:00/PNP0C0D:00/input/input1
Jul 09 21:32:35 ubuntu kernel: ACPI: Lid Switch [LID0]
Jul 09 21:32:35 ubuntu kernel: input: Power Button as /devices/LNXSYSTM:00/LNXPWRBN:00/input/input2
Jul 09 21:32:35 ubuntu kernel: ACPI: Power Button [PWRF]
Jul 09 21:32:35 ubuntu kernel: thermal LNXTHERM:00: registered as thermal_zone0
Jul 09 21:32:35 ubuntu kernel: ACPI: Thermal Zone [TZ00] (0 C)
Jul 09 21:32:35 ubuntu kernel: battery: ACPI: Battery: found native INT33F4 PMIC, not loading
Jul 09 21:32:35 ubuntu kernel: Serial: 8250/16550 driver, 32 ports, IRQ sharing enabled
Jul 09 21:32:35 ubuntu kernel: 00:01: ttyS0 at I/O 0x3f8 (irq = 4, base_baud = 115200) is a 16550A
Jul 09 21:32:35 ubuntu kernel: Linux agpgart interface v0.103
Jul 09 21:32:35 ubuntu kernel: brd: module loaded
Jul 09 21:32:35 ubuntu kernel: loop: module loaded
Jul 09 21:32:35 ubuntu kernel: libphy: Fixed MDIO Bus: probed
Jul 09 21:32:35 ubuntu kernel: tun: Universal TUN/TAP device driver, 1.6
Jul 09 21:32:35 ubuntu kernel: PPP generic driver version 2.4.2
Jul 09 21:32:35 ubuntu kernel: ehci_hcd: USB 2.0 'Enhanced' Host Controller (EHCI) Driver
Jul 09 21:32:35 ubuntu kernel: ehci-pci: EHCI PCI platform driver
Jul 09 21:32:35 ubuntu kernel: ehci-platform: EHCI generic platform driver
Jul 09 21:32:35 ubuntu kernel: ohci_hcd: USB 1.1 'Open' Host Controller (OHCI) Driver
Jul 09 21:32:35 ubuntu kernel: ohci-pci: OHCI PCI platform driver
Jul 09 21:32:35 ubuntu kernel: ohci-platform: OHCI generic platform driver
Jul 09 21:32:35 ubuntu kernel: uhci_hcd: USB Universal Host Controller Interface driver
Jul 09 21:32:35 ubuntu kernel: xhci_hcd 0000:00:14.0: xHCI Host Controller
Jul 09 21:32:35 ubuntu kernel: xhci_hcd 0000:00:14.0: new USB bus registered, assigned bus number 1
Jul 09 21:32:35 ubuntu kernel: xhci_hcd 0000:00:14.0: hcc params 0x200077c1 hci version 0x100 quirks 0x81509810
Jul 09 21:32:35 ubuntu kernel: xhci_hcd 0000:00:14.0: cache line size of 64 is not supported
Jul 09 21:32:35 ubuntu kernel: usb usb1: New USB device found, idVendor=1d6b, idProduct=0002, bcdDevice= 4.17
Jul 09 21:32:35 ubuntu kernel: usb usb1: New USB device strings: Mfr=3, Product=2, SerialNumber=1
Jul 09 21:32:35 ubuntu kernel: usb usb1: Product: xHCI Host Controller
Jul 09 21:32:35 ubuntu kernel: usb usb1: Manufacturer: Linux 4.17.5 xhci-hcd
Jul 09 21:32:35 ubuntu kernel: usb usb1: SerialNumber: 0000:00:14.0
Jul 09 21:32:35 ubuntu kernel: hub 1-0:1.0: USB hub found
Jul 09 21:32:35 ubuntu kernel: hub 1-0:1.0: 7 ports detected
Jul 09 21:32:35 ubuntu kernel: xhci_hcd 0000:00:14.0: xHCI Host Controller
Jul 09 21:32:35 ubuntu kernel: xhci_hcd 0000:00:14.0: new USB bus registered, assigned bus number 2
Jul 09 21:32:35 ubuntu kernel: xhci_hcd 0000:00:14.0: Host supports USB 3.0  SuperSpeed
Jul 09 21:32:35 ubuntu kernel: usb usb2: New USB device found, idVendor=1d6b, idProduct=0003, bcdDevice= 4.17
Jul 09 21:32:35 ubuntu kernel: usb usb2: New USB device strings: Mfr=3, Product=2, SerialNumber=1
Jul 09 21:32:35 ubuntu kernel: usb usb2: Product: xHCI Host Controller
Jul 09 21:32:35 ubuntu kernel: usb usb2: Manufacturer: Linux 4.17.5 xhci-hcd
Jul 09 21:32:35 ubuntu kernel: usb usb2: SerialNumber: 0000:00:14.0
Jul 09 21:32:35 ubuntu kernel: hub 2-0:1.0: USB hub found
Jul 09 21:32:35 ubuntu kernel: hub 2-0:1.0: 6 ports detected
Jul 09 21:32:35 ubuntu kernel: i8042: PNP: No PS/2 controller found.
Jul 09 21:32:35 ubuntu kernel: mousedev: PS/2 mouse device common for all mice
Jul 09 21:32:35 ubuntu kernel: rtc_cmos 00:04: registered as rtc0
Jul 09 21:32:35 ubuntu kernel: rtc_cmos 00:04: alarms up to one month, y3k, 242 bytes nvram, hpet irqs
Jul 09 21:32:35 ubuntu kernel: i2c /dev entries driver
Jul 09 21:32:35 ubuntu kernel: device-mapper: uevent: version 1.0.3
Jul 09 21:32:35 ubuntu kernel: device-mapper: ioctl: 4.39.0-ioctl (2018-04-03) initialised: dm-devel@redhat.com
Jul 09 21:32:35 ubuntu kernel: intel_pstate: Intel P-state driver initializing
Jul 09 21:32:35 ubuntu kernel: ledtrig-cpu: registered to indicate activity on CPUs
Jul 09 21:32:35 ubuntu kernel: EFI Variables Facility v0.08 2004-May-17
Jul 09 21:32:35 ubuntu kernel: NET: Registered protocol family 10
Jul 09 21:32:35 ubuntu kernel: Segment Routing with IPv6
Jul 09 21:32:35 ubuntu kernel: NET: Registered protocol family 17
Jul 09 21:32:35 ubuntu kernel: Key type dns_resolver registered
Jul 09 21:32:35 ubuntu kernel: microcode: sig=0x406c4, pf=0x1, revision=0x40a
Jul 09 21:32:35 ubuntu kernel: microcode: Microcode Update Driver: v2.2.
Jul 09 21:32:35 ubuntu kernel: sched_clock: Marking stable (2884539703, 0)->(2867814788, 16724915)
Jul 09 21:32:35 ubuntu kernel: registered taskstats version 1
Jul 09 21:32:35 ubuntu kernel: Loading compiled-in X.509 certificates
Jul 09 21:32:35 ubuntu kernel: Loaded X.509 cert 'Build time autogenerated kernel key: cd7b07ebf699ef1cd92dc4d03dcde78b7cc55bd7'
Jul 09 21:32:35 ubuntu kernel: zswap: loaded using pool lzo/zbud
Jul 09 21:32:35 ubuntu kernel: Key type big_key registered
Jul 09 21:32:35 ubuntu kernel: Key type trusted registered
Jul 09 21:32:35 ubuntu kernel: Key type encrypted registered
Jul 09 21:32:35 ubuntu kernel: AppArmor: AppArmor sha1 policy hashing enabled
Jul 09 21:32:35 ubuntu kernel: ima: Allocated hash algorithm: sha1
Jul 09 21:32:35 ubuntu kernel: evm: HMAC attrs: 0x1
Jul 09 21:32:35 ubuntu kernel: i2c_designware 808622C1:06: I2C bus managed by PUNIT
Jul 09 21:32:35 ubuntu kernel:   Magic number: 10:388:550
Jul 09 21:32:35 ubuntu kernel: tty ttyS26: hash matches
Jul 09 21:32:35 ubuntu kernel: clockevents clockevent1: hash matches
Jul 09 21:32:35 ubuntu kernel: acpi PNP0C0F:01: hash matches
Jul 09 21:32:35 ubuntu kernel: rtc_cmos 00:04: setting system clock to 2018-07-09 21:32:17 UTC (1531171937)
Jul 09 21:32:35 ubuntu kernel: Freeing unused kernel memory: 1720K
Jul 09 21:32:35 ubuntu kernel: Write protecting the kernel read-only data: 18432k
Jul 09 21:32:35 ubuntu kernel: Freeing unused kernel memory: 2008K
Jul 09 21:32:35 ubuntu kernel: Freeing unused kernel memory: 76K
Jul 09 21:32:35 ubuntu kernel: x86/mm: Checked W+X mappings: passed, no W+X pages found.
Jul 09 21:32:35 ubuntu kernel: x86/mm: Checking user space page tables
Jul 09 21:32:35 ubuntu kernel: x86/mm: Checked W+X mappings: passed, no W+X pages found.
Jul 09 21:32:35 ubuntu kernel: usb 1-3: new high-speed USB device number 2 using xhci_hcd
Jul 09 21:32:35 ubuntu kernel: usb 1-3: New USB device found, idVendor=0781, idProduct=5567, bcdDevice= 1.26
Jul 09 21:32:35 ubuntu kernel: usb 1-3: New USB device strings: Mfr=1, Product=2, SerialNumber=3
Jul 09 21:32:35 ubuntu kernel: usb 1-3: Product: Cruzer Blade
Jul 09 21:32:35 ubuntu kernel: usb 1-3: Manufacturer: SanDisk
Jul 09 21:32:35 ubuntu kernel: usb 1-3: SerialNumber: 4C530001140621101560
Jul 09 21:32:35 ubuntu kernel: sdhci: Secure Digital Host Controller Interface driver
Jul 09 21:32:35 ubuntu kernel: sdhci: Copyright(c) Pierre Ossman
Jul 09 21:32:35 ubuntu kernel: mmc0: SDHCI controller on ACPI [80860F14:00] using ADMA
Jul 09 21:32:35 ubuntu kernel: mmc1: SDHCI controller on ACPI [80860F14:01] using ADMA
Jul 09 21:32:35 ubuntu kernel: mmc2: SDHCI controller on ACPI [80860F14:03] using ADMA
Jul 09 21:32:35 ubuntu kernel: mmc1: new high speed SDIO card at address 0001
Jul 09 21:32:35 ubuntu kernel: usb 1-4: new high-speed USB device number 3 using xhci_hcd
Jul 09 21:32:35 ubuntu kernel: mmc0: new HS200 MMC card at address 0001
Jul 09 21:32:35 ubuntu kernel: mmcblk0: mmc0:0001 DF4064 58.2 GiB 
Jul 09 21:32:35 ubuntu kernel: mmcblk0boot0: mmc0:0001 DF4064 partition 1 4.00 MiB
Jul 09 21:32:35 ubuntu kernel: mmcblk0boot1: mmc0:0001 DF4064 partition 2 4.00 MiB
Jul 09 21:32:35 ubuntu kernel: mmcblk0rpmb: mmc0:0001 DF4064 partition 3 4.00 MiB, chardev (245:0)
Jul 09 21:32:35 ubuntu kernel:  mmcblk0: p1 p2 p3 p4 p5 p6 p7 p8 p9 p10 p11 p12 p13 p14 p15
Jul 09 21:32:35 ubuntu kernel: random: fast init done
Jul 09 21:32:35 ubuntu kernel: checking generic (80000000 1e0000) vs hw (80000000 10000000)
Jul 09 21:32:35 ubuntu kernel: fb: switching to inteldrmfb from EFI VGA
Jul 09 21:32:35 ubuntu kernel: Console: switching to colour dummy device 80x25
Jul 09 21:32:35 ubuntu kernel: [drm] Replacing VGA console driver
Jul 09 21:32:35 ubuntu kernel: [drm] Supports vblank timestamp caching Rev 2 (21.10.2013).
Jul 09 21:32:35 ubuntu kernel: [drm] Driver supports precise vblank timestamp query.
Jul 09 21:32:35 ubuntu kernel: i915 0000:00:02.0: vgaarb: changed VGA decodes: olddecodes=io+mem,decodes=io+mem:owns=io+mem
Jul 09 21:32:35 ubuntu kernel: [drm] Initialized i915 1.6.0 20180308 for 0000:00:02.0 on minor 0
Jul 09 21:32:35 ubuntu kernel: ACPI: Video Device [GFX0] (multi-head: yes  rom: no  post: no)
Jul 09 21:32:35 ubuntu kernel: usb 1-4: New USB device found, idVendor=05e3, idProduct=0608, bcdDevice=85.36
Jul 09 21:32:35 ubuntu kernel: usb 1-4: New USB device strings: Mfr=0, Product=1, SerialNumber=0
Jul 09 21:32:35 ubuntu kernel: usb 1-4: Product: USB2.0 Hub
Jul 09 21:32:35 ubuntu kernel: hub 1-4:1.0: USB hub found
Jul 09 21:32:35 ubuntu kernel: hub 1-4:1.0: 4 ports detected
Jul 09 21:32:35 ubuntu kernel: input: Video Bus as /devices/LNXSYSTM:00/LNXSYBUS:00/PNP0A08:00/LNXVIDEO:00/input/input3
Jul 09 21:32:35 ubuntu kernel: [drm] HDaudio controller not detected, using LPE audio instead
Jul 09 21:32:35 ubuntu kernel: fbcon: inteldrmfb (fb0) is primary device
Jul 09 21:32:35 ubuntu kernel: usb-storage 1-3:1.0: USB Mass Storage device detected
Jul 09 21:32:35 ubuntu kernel: scsi host0: usb-storage 1-3:1.0
Jul 09 21:32:35 ubuntu kernel: usbcore: registered new interface driver usb-storage
Jul 09 21:32:35 ubuntu kernel: usbcore: registered new interface driver uas
Jul 09 21:32:35 ubuntu kernel: usb 1-4.1: new low-speed USB device number 4 using xhci_hcd
Jul 09 21:32:35 ubuntu kernel: usb 1-4.1: New USB device found, idVendor=258a, idProduct=6a88, bcdDevice= 1.00
Jul 09 21:32:35 ubuntu kernel: usb 1-4.1: New USB device strings: Mfr=1, Product=2, SerialNumber=0
Jul 09 21:32:35 ubuntu kernel: usb 1-4.1: Product: USB KEYBOARD
Jul 09 21:32:35 ubuntu kernel: usb 1-4.1: Manufacturer: SINO WEALTH
Jul 09 21:32:35 ubuntu kernel: hidraw: raw HID events driver (C) Jiri Kosina
Jul 09 21:32:35 ubuntu kernel: usbcore: registered new interface driver usbhid
Jul 09 21:32:35 ubuntu kernel: usbhid: USB HID core driver
Jul 09 21:32:35 ubuntu kernel: input: SINO WEALTH USB KEYBOARD as /devices/pci0000:00/0000:00:14.0/usb1/1-4/1-4.1/1-4.1:1.0/0003:258A:6A88.0001/input/input4
Jul 09 21:32:35 ubuntu kernel: hid-generic 0003:258A:6A88.0001: input,hidraw0: USB HID v1.10 Keyboard [SINO WEALTH USB KEYBOARD] on usb-0000:00:14.0-4.1/input0
Jul 09 21:32:35 ubuntu kernel: input: SINO WEALTH USB KEYBOARD as /devices/pci0000:00/0000:00:14.0/usb1/1-4/1-4.1/1-4.1:1.1/0003:258A:6A88.0002/input/input5
Jul 09 21:32:35 ubuntu kernel: hid-generic 0003:258A:6A88.0002: input,hiddev0,hidraw1: USB HID v1.10 Mouse [SINO WEALTH USB KEYBOARD] on usb-0000:00:14.0-4.1/input1
Jul 09 21:32:35 ubuntu kernel: scsi 0:0:0:0: Direct-Access     SanDisk  Cruzer Blade     1.26 PQ: 0 ANSI: 6
Jul 09 21:32:35 ubuntu kernel: sd 0:0:0:0: Attached scsi generic sg0 type 0
Jul 09 21:32:35 ubuntu kernel: sd 0:0:0:0: [sda] 15633408 512-byte logical blocks: (8.00 GB/7.45 GiB)
Jul 09 21:32:35 ubuntu kernel: sd 0:0:0:0: [sda] Write Protect is off
Jul 09 21:32:35 ubuntu kernel: sd 0:0:0:0: [sda] Mode Sense: 43 00 00 00
Jul 09 21:32:35 ubuntu kernel: sd 0:0:0:0: [sda] Write cache: disabled, read cache: enabled, doesn't support DPO or FUA
Jul 09 21:32:35 ubuntu kernel:  sda: sda1 sda2
Jul 09 21:32:35 ubuntu kernel: sd 0:0:0:0: [sda] Attached SCSI removable disk
Jul 09 21:32:35 ubuntu kernel: Console: switching to colour frame buffer device 270x90
Jul 09 21:32:35 ubuntu kernel: i915 0000:00:02.0: fb0: inteldrmfb frame buffer device
Jul 09 21:32:35 ubuntu kernel: random: plymouthd: uninitialized urandom read (8 bytes read)
Jul 09 21:32:35 ubuntu kernel: random: plymouthd: uninitialized urandom read (8 bytes read)
Jul 09 21:32:35 ubuntu kernel: EXT4-fs (mmcblk0p11): mounted filesystem with ordered data mode. Opts: (null)
Jul 09 21:32:35 ubuntu kernel: ISO 9660 Extensions: RRIP_1991A
Jul 09 21:32:35 ubuntu kernel: random: mktemp: uninitialized urandom read (6 bytes read)
Jul 09 21:32:35 ubuntu kernel: random: debconf-communi: uninitialized urandom read (4 bytes read)
Jul 09 21:32:35 ubuntu kernel: random: crng init done
Jul 09 21:32:35 ubuntu systemd[1]: systemd 237 running in system mode. (+PAM +AUDIT +SELINUX +IMA +APPARMOR +SMACK +SYSVINIT +UTMP +LIBCRYPTSETUP +GCRYPT +GNUTLS +ACL +XZ +LZ4 +SECCOMP +BLKID +ELFUTILS +KMOD -IDN2 +IDN -PCRE2 default-hierarchy=hybrid)
Jul 09 21:32:35 ubuntu systemd[1]: Detected architecture x86-64.
Jul 09 21:32:35 ubuntu systemd[1]: Set hostname to <ubuntu>.
Jul 09 21:32:35 ubuntu systemd[1]: Initializing machine ID from random generator.
Jul 09 21:32:35 ubuntu systemd[1]: File /lib/systemd/system/systemd-journald.service:36 configures an IP firewall (IPAddressDeny=any), but the local system does not support BPF/cgroup based firewalling.
Jul 09 21:32:35 ubuntu systemd[1]: Proceeding WITHOUT firewalling in effect! (This warning is only shown for the first loaded unit using IP firewalling.)
Jul 09 21:32:35 ubuntu systemd[1]: Unnecessary job for /dev/loop0 was removed.
Jul 09 21:32:35 ubuntu systemd[1]: Reached target Swap.
Jul 09 21:32:35 ubuntu systemd[1]: Created slice User and Session Slice.
Jul 09 21:32:35 ubuntu systemd[1]: Started Forward Password Requests to Wall Directory Watch.
Jul 09 21:32:35 ubuntu systemd-journald[1089]: Journal started
Jul 09 21:32:35 ubuntu systemd-journald[1089]: Runtime journal (/run/log/journal/8ce8b234b8ea4d739e3043589a79e856) is 4.8M, max 38.6M, 33.8M free.
Jul 09 21:32:35 ubuntu systemd[1]: Starting Flush Journal to Persistent Storage...
Jul 09 21:32:35 ubuntu ureadahead[1095]: ureadahead: Error while tracing: No such file or directory
Jul 09 21:32:35 ubuntu ureadahead[1095]: Counted 4 CPUs
Jul 09 21:32:35 ubuntu systemd-journald[1089]: Time spent on flushing to /var is 15.535ms for 663 entries.
Jul 09 21:32:35 ubuntu systemd-journald[1089]: System journal (/var/log/journal/8ce8b234b8ea4d739e3043589a79e856) is 8.0M, max 193.2M, 185.2M free.
Jul 09 21:32:35 ubuntu systemd[1]: Started Create Static Device Nodes in /dev.
Jul 09 21:32:35 ubuntu systemd[1]: Started LVM2 metadata daemon.
Jul 09 21:32:35 ubuntu systemd[1]: Starting udev Kernel Device Manager...
Jul 09 21:32:35 ubuntu systemd[1]: Started Flush Journal to Persistent Storage.
Jul 09 21:32:35 ubuntu systemd-modules-load[1100]: Inserted module 'lp'
Jul 09 21:32:35 ubuntu kernel: lp: driver loaded but no devices found
Jul 09 21:32:35 ubuntu systemd-modules-load[1100]: Inserted module 'ppdev'
Jul 09 21:32:35 ubuntu kernel: ppdev: user-space parallel port driver
Jul 09 21:32:35 ubuntu systemd-modules-load[1100]: Inserted module 'parport_pc'
Jul 09 21:32:35 ubuntu systemd[1]: Started Load Kernel Modules.
Jul 09 21:32:35 ubuntu systemd[1]: Starting Apply Kernel Variables...
Jul 09 21:32:35 ubuntu systemd[1]: Mounting FUSE Control File System...
Jul 09 21:32:35 ubuntu systemd[1]: Mounted FUSE Control File System.
Jul 09 21:32:35 ubuntu systemd[1]: Started Apply Kernel Variables.
Jul 09 21:32:35 ubuntu systemd[1]: Started udev Coldplug all Devices.
Jul 09 21:32:35 ubuntu systemd[1]: Started udev Kernel Device Manager.
Jul 09 21:32:35 ubuntu systemd[1]: Started Monitoring of LVM2 mirrors, snapshots etc. using dmeventd or progress polling.
Jul 09 21:32:35 ubuntu systemd[1]: Started Set the console keyboard layout.
Jul 09 21:32:35 ubuntu systemd[1]: Reached target Local File Systems (Pre).
Jul 09 21:32:35 ubuntu systemd[1]: tmp.mount: Directory /tmp to mount over is not empty, mounting anyway.
Jul 09 21:32:35 ubuntu systemd[1]: Mounting /tmp...
Jul 09 21:32:35 ubuntu systemd[1]: Starting Show Plymouth Boot Screen...
Jul 09 21:32:35 ubuntu systemd[1]: Mounted /tmp.
Jul 09 21:32:35 ubuntu systemd[1]: Reached target Local File Systems.
Jul 09 21:32:35 ubuntu systemd[1]: Starting Create Volatile Files and Directories...
Jul 09 21:32:35 ubuntu systemd[1]: Starting Set console font and keymap...
Jul 09 21:32:35 ubuntu systemd[1]: Starting Clean up any mess left by 0dns-up...
Jul 09 21:32:35 ubuntu systemd[1]: Starting Tell Plymouth To Write Out Runtime Data...
Jul 09 21:32:35 ubuntu systemd[1]: Started Tell Plymouth To Write Out Runtime Data.
Jul 09 21:32:35 ubuntu systemd[1]: Started Create Volatile Files and Directories.
Jul 09 21:32:35 ubuntu systemd[1]: Started Set console font and keymap.
Jul 09 21:32:35 ubuntu systemd[1]: Starting Update UTMP about System Boot/Shutdown...
Jul 09 21:32:35 ubuntu systemd[1]: Starting Network Name Resolution...
Jul 09 21:32:35 ubuntu systemd[1]: Starting Network Time Synchronization...
Jul 09 21:32:35 ubuntu systemd[1]: Started Show Plymouth Boot Screen.
Jul 09 21:32:35 ubuntu systemd[1]: Reached target Local Encrypted Volumes.
Jul 09 21:32:35 ubuntu systemd[1]: Started Forward Password Requests to Plymouth Directory Watch.
Jul 09 21:32:35 ubuntu systemd[1]: Started Update UTMP about System Boot/Shutdown.
Jul 09 21:32:35 ubuntu systemd[1]: Started Clean up any mess left by 0dns-up.
Jul 09 21:32:35 ubuntu systemd[1]: Starting Raise network interfaces...
Jul 09 21:32:36 ubuntu systemd-resolved[1151]: Positive Trust Anchors:
Jul 09 21:32:36 ubuntu systemd-resolved[1151]: . IN DS 19036 8 2 49aac11d7b6f6446702e54a1607371607a1a41855200fd2ce1cdde32f24e8fb5
Jul 09 21:32:36 ubuntu systemd-resolved[1151]: . IN DS 20326 8 2 e06d44b80b8f1d39a95c0b0d7c65d08458e880409bbc683457104237c7f8ec8d
Jul 09 21:32:36 ubuntu systemd-resolved[1151]: Negative trust anchors: 10.in-addr.arpa 16.172.in-addr.arpa 17.172.in-addr.arpa 18.172.in-addr.arpa 19.172.in-addr.arpa 20.172.in-addr.arpa 21.172.in-addr.arpa 22.172.in-addr.arpa 23.172.in-addr.arpa 24.172.in-addr.arpa 25.172.in-addr.arpa 26.172.in-addr.arpa 27.172.in-addr.arpa 28.172.in-addr.arpa 29.172.in-addr.arpa 30.172.in-addr.arpa 31.172.in-addr.arpa 168.192.in-addr.arpa d.f.ip6.arpa corp home internal intranet lan local private test
Jul 09 21:32:36 ubuntu systemd-resolved[1151]: Using system hostname 'ubuntu'.
Jul 09 21:32:36 ubuntu systemd[1]: Started Network Name Resolution.
Jul 09 21:32:36 ubuntu systemd[1]: Reached target Host and Network Name Lookups.
Jul 09 21:32:36 ubuntu systemd[1]: Started Network Time Synchronization.
Jul 09 21:32:36 ubuntu systemd[1]: Reached target System Initialization.
Jul 09 21:32:36 ubuntu systemd[1]: Started Daily Cleanup of Temporary Directories.
Jul 09 21:32:36 ubuntu systemd[1]: Listening on CUPS Scheduler.
Jul 09 21:32:36 ubuntu systemd[1]: Listening on ACPID Listen Socket.
Jul 09 21:32:36 ubuntu systemd[1]: Starting Socket activation for snappy daemon.
Jul 09 21:32:36 ubuntu systemd[1]: Listening on D-Bus System Message Bus Socket.
Jul 09 21:32:36 ubuntu systemd[1]: Started ACPI Events Check.
Jul 09 21:32:36 ubuntu systemd[1]: Listening on Avahi mDNS/DNS-SD Stack Activation Socket.
Jul 09 21:32:36 ubuntu systemd[1]: Listening on UUID daemon activation socket.
Jul 09 21:32:36 ubuntu systemd[1]: Started CUPS Scheduler.
Jul 09 21:32:36 ubuntu systemd[1]: Reached target Paths.
Jul 09 21:32:36 ubuntu systemd[1]: Started Message of the Day.
Jul 09 21:32:36 ubuntu systemd[1]: Reached target System Time Synchronized.
Jul 09 21:32:36 ubuntu systemd[1]: Started Daily apt download activities.
Jul 09 21:32:36 ubuntu systemd[1]: Started Daily apt upgrade and clean activities.
Jul 09 21:32:36 ubuntu systemd[1]: Started Discard unused blocks once a week.
Jul 09 21:32:36 ubuntu systemd[1]: Started Trigger anacron every hour.
Jul 09 21:32:36 ubuntu systemd[1]: Reached target Timers.
Jul 09 21:32:36 ubuntu systemd[1]: Listening on Socket activation for snappy daemon.
Jul 09 21:32:36 ubuntu systemd[1]: Reached target Sockets.
Jul 09 21:32:36 ubuntu systemd[1]: Reached target Basic System.
Jul 09 21:32:36 ubuntu systemd[1]: Starting Login Service...
Jul 09 21:32:36 ubuntu systemd[1]: Started Regular background program processing daemon.
Jul 09 21:32:36 ubuntu systemd[1]: Starting Disk Manager...
Jul 09 21:32:36 ubuntu systemd[1]: Starting Dispatcher daemon for systemd-networkd...
Jul 09 21:32:36 ubuntu systemd[1]: Starting LSB: Record successful boot for GRUB...
Jul 09 21:32:36 ubuntu systemd[1]: Started CUPS Scheduler.
Jul 09 21:32:36 ubuntu systemd[1]: Started irqbalance daemon.
Jul 09 21:32:36 ubuntu systemd[1]: Reached target Login Prompts.
Jul 09 21:32:36 ubuntu systemd[1]: Starting System Logging Service...
Jul 09 21:32:36 ubuntu systemd[1]: Starting LSB: automatic crash report generation...
Jul 09 21:32:36 ubuntu systemd[1]: Started D-Bus System Message Bus.
Jul 09 21:32:36 ubuntu cron[1194]: (CRON) INFO (pidfile fd = 3)
Jul 09 21:32:36 ubuntu systemd-logind[1193]: New seat seat0.
Jul 09 21:32:36 ubuntu cron[1194]: (CRON) INFO (Running @reboot jobs)
Jul 09 21:32:36 ubuntu systemd[1]: Started Login Service.
Jul 09 21:32:36 ubuntu systemd[1]: Starting WPA supplicant...
Jul 09 21:32:36 ubuntu systemd[1]: Starting LSB: Speech Dispatcher...
Jul 09 21:32:36 ubuntu systemd[1]: Starting Avahi mDNS/DNS-SD Stack...
Jul 09 21:32:36 ubuntu systemd[1]: Starting Ubuntu live CD installer...
Jul 09 21:32:36 ubuntu systemd[1]: Starting Accounts Service...
Jul 09 21:32:36 ubuntu systemd[1]: Starting Restore /etc/resolv.conf if the system crashed before the ppp link was shut down...
Jul 09 21:32:36 ubuntu systemd[1]: Starting Network Manager...
Jul 09 21:32:36 ubuntu systemd[1]: Started ACPI event daemon.
Jul 09 21:32:36 ubuntu systemd[1]: Started Set the CPU Frequency Scaling governor.
Jul 09 21:32:36 ubuntu acpid[1219]: starting up with netlink and the input layer
Jul 09 21:32:36 ubuntu systemd[1]: Started Run anacron jobs.
Jul 09 21:32:36 ubuntu acpid[1219]: 8 rules loaded
Jul 09 21:32:36 ubuntu acpid[1219]: waiting for events: event logging is off
Jul 09 21:32:36 ubuntu systemd[1]: Starting Modem Manager...
Jul 09 21:32:36 ubuntu systemd[1]: Starting Detect the available GPUs and deal with any system changes...
Jul 09 21:32:36 ubuntu systemd[1]: Starting Snappy daemon...
Jul 09 21:32:36 ubuntu systemd[1]: Started Raise network interfaces.
Jul 09 21:32:36 ubuntu systemd[1]: Started Restore /etc/resolv.conf if the system crashed before the ppp link was shut down.
Jul 09 21:32:36 ubuntu speech-dispatcher[1210]:  * speech-dispatcher disabled; edit /etc/default/speech-dispatcher
Jul 09 21:32:36 ubuntu systemd[1]: Started LSB: Speech Dispatcher.
Jul 09 21:32:36 ubuntu grub-common[1197]:  * Recording successful boot for GRUB
Jul 09 21:32:36 ubuntu apport[1202]:  * Starting automatic crash report generation: apport
Jul 09 21:32:36 ubuntu gpu-manager[1223]: /etc/modprobe.d is not a file
Jul 09 21:32:36 ubuntu gpu-manager[1223]: /etc/modprobe.d is not a file
Jul 09 21:32:36 ubuntu gpu-manager[1223]: /etc/modprobe.d is not a file
Jul 09 21:32:36 ubuntu apport[1202]:    ...done.
Jul 09 21:32:36 ubuntu systemd[1]: Started LSB: automatic crash report generation.
Jul 09 21:32:36 ubuntu systemd[1]: Started Ubuntu live CD installer.
Jul 09 21:32:36 ubuntu grub-common[1197]:    ...done.
Jul 09 21:32:36 ubuntu systemd[1]: Started LSB: Record successful boot for GRUB.
Jul 09 21:32:36 ubuntu kernel: 8086228A:00: ttyS4 at MMIO 0x91821000 (irq = 39, base_baud = 2764800) is a 16550A
Jul 09 21:32:36 ubuntu kernel: 8086228A:01: ttyS5 at MMIO 0x9181f000 (irq = 40, base_baud = 2764800) is a 16550A
Jul 09 21:32:36 ubuntu dbus-daemon[1203]: [system] Activating via systemd: service name='org.freedesktop.PolicyKit1' unit='polkit.service' requested by ':1.3' (uid=0 pid=1215 comm="/usr/lib/accountsservice/accounts-daemon ")
Jul 09 21:32:36 ubuntu udisksd[1195]: udisks daemon version 2.7.6 starting
Jul 09 21:32:36 ubuntu systemd[1]: Starting Authorization Manager...
Jul 09 21:32:36 ubuntu avahi-daemon[1211]: Found user 'avahi' (UID 115) and group 'avahi' (GID 122).
Jul 09 21:32:36 ubuntu avahi-daemon[1211]: Successfully dropped root privileges.
Jul 09 21:32:36 ubuntu avahi-daemon[1211]: avahi-daemon 0.7 starting up.
Jul 09 21:32:37 ubuntu systemd[1]: Started Avahi mDNS/DNS-SD Stack.
Jul 09 21:32:37 ubuntu avahi-daemon[1211]: Successfully called chroot().
Jul 09 21:32:37 ubuntu avahi-daemon[1211]: Successfully dropped remaining capabilities.
Jul 09 21:32:37 ubuntu avahi-daemon[1211]: No service file found in /etc/avahi/services.
Jul 09 21:32:37 ubuntu systemd[1]: Started Make remote CUPS printers available locally.
Jul 09 21:32:37 ubuntu avahi-daemon[1211]: Joining mDNS multicast group on interface lo.IPv6 with address ::1.
Jul 09 21:32:37 ubuntu avahi-daemon[1211]: New relevant interface lo.IPv6 for mDNS.
Jul 09 21:32:37 ubuntu avahi-daemon[1211]: Joining mDNS multicast group on interface lo.IPv4 with address 127.0.0.1.
Jul 09 21:32:37 ubuntu avahi-daemon[1211]: New relevant interface lo.IPv4 for mDNS.
Jul 09 21:32:37 ubuntu avahi-daemon[1211]: Network interface enumeration completed.
Jul 09 21:32:37 ubuntu avahi-daemon[1211]: Registering new address record for ::1 on lo.*.
Jul 09 21:32:37 ubuntu avahi-daemon[1211]: Registering new address record for 127.0.0.1 on lo.IPv4.
Jul 09 21:32:37 ubuntu rsyslogd[1201]: imuxsock: Acquired UNIX socket '/run/systemd/journal/syslog' (fd 3) from systemd.  [v8.32.0]
Jul 09 21:32:37 ubuntu systemd[1]: Started System Logging Service.
Jul 09 21:32:37 ubuntu rsyslogd[1201]: rsyslogd's groupid changed to 106
Jul 09 21:32:37 ubuntu rsyslogd[1201]: rsyslogd's userid changed to 102
Jul 09 21:32:37 ubuntu rsyslogd[1201]:  [origin software="rsyslogd" swVersion="8.32.0" x-pid="1201" x-info="http://www.rsyslog.com"] start
Jul 09 21:32:37 ubuntu polkitd[1250]: started daemon version 0.105 using authority implementation `local' version `0.105'
Jul 09 21:32:37 ubuntu dbus-daemon[1203]: [system] Successfully activated service 'org.freedesktop.PolicyKit1'
Jul 09 21:32:37 ubuntu systemd[1]: Started Authorization Manager.
Jul 09 21:32:37 ubuntu accounts-daemon[1215]: started daemon version 0.6.45
Jul 09 21:32:37 ubuntu systemd[1]: Started Accounts Service.
Jul 09 21:32:37 ubuntu systemd[1]: Starting Run passwd -d to ensure AccountsService properties are set correctly...
Jul 09 21:32:37 ubuntu kernel: Goodix-TS i2c-GDIX1001:00: ID 9111, version: 2020
Jul 09 21:32:37 ubuntu kernel: input: Goodix Capacitive TouchScreen as /devices/pci0000:00/808622C1:05/i2c-5/i2c-GDIX1001:00/input/input6
Jul 09 21:32:37 ubuntu gpu-manager[1223]: /etc/modprobe.d is not a file
Jul 09 21:32:37 ubuntu systemd-logind[1193]: Watching system buttons on /dev/input/event2 (Power Button)
Jul 09 21:32:37 ubuntu kernel: proc_thermal 0000:00:0b.0: enabling device (0000 -> 0002)
Jul 09 21:32:37 ubuntu gpu-manager[1223]: Error: can't open /lib/modules/4.17.5/updates/dkms
Jul 09 21:32:37 ubuntu systemd[1]: Started Detect the available GPUs and deal with any system changes.
Jul 09 21:32:37 ubuntu passwd[1269]: password for 'ubuntu' changed by 'root'
Jul 09 21:32:37 ubuntu dbus-run-session[1267]: passwd: password expiry information changed.
Jul 09 21:32:37 ubuntu systemd[1]: Started Run passwd -d to ensure AccountsService properties are set correctly.
Jul 09 21:32:37 ubuntu systemd[1]: Started WPA supplicant.
Jul 09 21:32:37 ubuntu wpa_supplicant[1209]: Successfully initialized wpa_supplicant
Jul 09 21:32:37 ubuntu ModemManager[1222]: <info>  ModemManager (version 1.6.8) starting in system bus...
Jul 09 21:32:37 ubuntu kernel: dw_dmac INTL9C60:00: DesignWare DMA Controller, 8 channels
Jul 09 21:32:37 ubuntu kernel: dw_dmac INTL9C60:01: DesignWare DMA Controller, 8 channels
Jul 09 21:32:37 ubuntu kernel: axp20x-i2c i2c-INT33F4:00: AXP20x variant AXP288 found
Jul 09 21:32:37 ubuntu systemd-logind[1193]: Watching system buttons on /dev/input/event1 (Lid Switch)
Jul 09 21:32:37 ubuntu kernel: axp20x-i2c i2c-INT33F4:00: AXP20X driver loaded
Jul 09 21:32:37 ubuntu systemd-logind[1193]: Watching system buttons on /dev/input/event0 (Power Button)
Jul 09 21:32:37 ubuntu udisksd[1195]: failed to load module mdraid: libbd_mdraid.so.2: cannot open shared object file: No such file or directory
Jul 09 21:32:37 ubuntu systemd[1]: Created slice system-systemd\x2dbacklight.slice.
Jul 09 21:32:37 ubuntu systemd[1]: Starting Load/Save Screen Backlight Brightness of backlight:intel_backlight...
Jul 09 21:32:37 ubuntu kernel: cfg80211: Loading compiled-in X.509 certificates for regulatory database
Jul 09 21:32:37 ubuntu systemd[1]: Started Load/Save Screen Backlight Brightness of backlight:intel_backlight.
Jul 09 21:32:37 ubuntu kernel: cfg80211: Loaded X.509 cert 'sforshee: 00b28ddf47aef9cea7'
Jul 09 21:32:37 ubuntu udisksd[1195]: Failed to load the 'mdraid' libblockdev plugin
Jul 09 21:32:37 ubuntu kernel: platform regulatory.0: Direct firmware load for regulatory.db failed with error -2
Jul 09 21:32:37 ubuntu kernel: cfg80211: failed to load regulatory.db
Jul 09 21:32:38 ubuntu avahi-daemon[1211]: Server startup complete. Host name is ubuntu.local. Local service cookie is 3099348890.
Jul 09 21:32:38 ubuntu systemd[1]: Started Modem Manager.
Jul 09 21:32:38 ubuntu mtp-probe[1321]: checking bus 1, device 2: "/sys/devices/pci0000:00/0000:00:14.0/usb1/1-3"
Jul 09 21:32:38 ubuntu mtp-probe[1321]: bus: 1, device: 2 was not an MTP device
Jul 09 21:32:38 ubuntu mtp-probe[1320]: checking bus 1, device 4: "/sys/devices/pci0000:00/0000:00:14.0/usb1/1-4/1-4.1"
Jul 09 21:32:38 ubuntu mtp-probe[1320]: bus: 1, device: 4 was not an MTP device
Jul 09 21:32:38 ubuntu kernel: cryptd: max_cpu_qlen set to 1000
Jul 09 21:32:38 ubuntu systemd-logind[1193]: Watching system buttons on /dev/input/event5 (SINO WEALTH USB KEYBOARD)
Jul 09 21:32:38 ubuntu systemd-logind[1193]: Watching system buttons on /dev/input/event4 (SINO WEALTH USB KEYBOARD)
Jul 09 21:32:38 ubuntu kernel: r8723bs: module is from the staging directory, the quality is unknown, you have been warned.
Jul 09 21:32:38 ubuntu kernel: intel_sst_acpi 808622A8:00: LPE base: 0x91400000 size:0x200000
Jul 09 21:32:38 ubuntu kernel: intel_sst_acpi 808622A8:00: IRAM base: 0x914c0000
Jul 09 21:32:38 ubuntu kernel: intel_sst_acpi 808622A8:00: DRAM base: 0x91500000
Jul 09 21:32:38 ubuntu kernel: intel_sst_acpi 808622A8:00: SHIM base: 0x91540000
Jul 09 21:32:38 ubuntu kernel: intel_sst_acpi 808622A8:00: Mailbox base: 0x91544000
Jul 09 21:32:38 ubuntu kernel: intel_sst_acpi 808622A8:00: DDR base: 0x20000000
Jul 09 21:32:38 ubuntu kernel: intel_sst_acpi 808622A8:00: Got drv data max stream 25
Jul 09 21:32:38 ubuntu kernel: r8723bs: module is from the staging directory, the quality is unknown, you have been warned.
Jul 09 21:32:38 ubuntu kernel: RTL8723BS: module init start
Jul 09 21:32:38 ubuntu kernel: RTL8723BS: rtl8723bs v4.3.5.5_12290.20140916_BTCOEX20140507-4E40
Jul 09 21:32:38 ubuntu kernel: RTL8723BS: rtl8723bs BT-Coex version = BTCOEX20140507-4E40
Jul 09 21:32:38 ubuntu kernel: SSE version of gcm_enc/dec engaged.
Jul 09 21:32:38 ubuntu kernel: pnetdev = 0000000010d17443
Jul 09 21:32:38 ubuntu systemd[1]: Started Disk Manager.
Jul 09 21:32:38 ubuntu udisksd[1195]: Acquired the name org.freedesktop.UDisks2 on the system message bus
Jul 09 21:32:38 ubuntu NetworkManager[1217]: <info>  [1531171958.7771] NetworkManager (version 1.10.6) is starting... (for the first time)
Jul 09 21:32:38 ubuntu NetworkManager[1217]: <info>  [1531171958.7772] Read config: /etc/NetworkManager/NetworkManager.conf (lib: 10-dns-resolved.conf, 20-connectivity-ubuntu.conf, no-mac-addr-change.conf) (run: 10-globally-managed-devices.conf) (etc: default-wifi-powersave-on.conf)
Jul 09 21:32:38 ubuntu NetworkManager[1217]: <info>  [1531171958.8076] manager[0x55b526f32060]: monitoring kernel firmware directory '/lib/firmware'.
Jul 09 21:32:38 ubuntu NetworkManager[1217]: <info>  [1531171958.8077] monitoring ifupdown state file '/run/network/ifstate'.
Jul 09 21:32:38 ubuntu dbus-daemon[1203]: [system] Activating via systemd: service name='org.freedesktop.hostname1' unit='dbus-org.freedesktop.hostname1.service' requested by ':1.12' (uid=0 pid=1217 comm="/usr/sbin/NetworkManager --no-daemon ")
Jul 09 21:32:38 ubuntu systemd[1]: Starting Hostname Service...
Jul 09 21:32:38 ubuntu kernel: RTL8723BS: rtw_ndev_init(wlan0)
Jul 09 21:32:38 ubuntu kernel: RTL8723BS: module init ret =0
Jul 09 21:32:39 ubuntu dbus-daemon[1203]: [system] Successfully activated service 'org.freedesktop.hostname1'
Jul 09 21:32:39 ubuntu systemd[1]: Started Hostname Service.
Jul 09 21:32:39 ubuntu NetworkManager[1217]: <info>  [1531171959.0842] hostname: hostname: using hostnamed
Jul 09 21:32:39 ubuntu NetworkManager[1217]: <info>  [1531171959.0844] hostname: hostname changed from (none) to "ubuntu"
Jul 09 21:32:39 ubuntu NetworkManager[1217]: <info>  [1531171959.0852] dns-mgr[0x55b526f4d140]: init: dns=systemd-resolved, rc-manager=symlink, plugin=systemd-resolved
Jul 09 21:32:39 ubuntu NetworkManager[1217]: <info>  [1531171959.0879] rfkill0: found WiFi radio killswitch (at /sys/devices/pci0000:00/80860F14:01/mmc_host/mmc1/mmc1:0001/mmc1:0001:1/ieee80211/phy0/rfkill0) (driver rtl8723bs)
Jul 09 21:32:39 ubuntu NetworkManager[1217]: <info>  [1531171959.0885] manager[0x55b526f32060]: rfkill: WiFi hardware radio set enabled
Jul 09 21:32:39 ubuntu NetworkManager[1217]: <info>  [1531171959.0885] manager[0x55b526f32060]: rfkill: WWAN hardware radio set enabled
Jul 09 21:32:39 ubuntu systemd[1]: Started Network Manager.
Jul 09 21:32:39 ubuntu systemd[1]: Starting Network Manager Wait Online...
Jul 09 21:32:39 ubuntu systemd[1]: Reached target Network.
Jul 09 21:32:39 ubuntu dbus-daemon[1203]: [system] Activating via systemd: service name='org.freedesktop.nm_dispatcher' unit='dbus-org.freedesktop.nm-dispatcher.service' requested by ':1.12' (uid=0 pid=1217 comm="/usr/sbin/NetworkManager --no-daemon ")
Jul 09 21:32:39 ubuntu systemd[1]: Starting Permit User Sessions...
Jul 09 21:32:39 ubuntu systemd[1]: Started Unattended Upgrades Shutdown.
Jul 09 21:32:39 ubuntu systemd[1]: Started Permit User Sessions.
Jul 09 21:32:39 ubuntu kernel: intel_rapl: Found RAPL domain package
Jul 09 21:32:39 ubuntu kernel: intel_rapl: Found RAPL domain core
Jul 09 21:32:39 ubuntu systemd[1]: Starting Hold until boot process finishes up...
Jul 09 21:32:39 ubuntu systemd[1]: Starting GNOME Display Manager...
Jul 09 21:32:39 ubuntu systemd[1]: Starting Network Manager Script Dispatcher Service...
Jul 09 21:32:39 ubuntu dbus-daemon[1203]: [system] Successfully activated service 'org.freedesktop.nm_dispatcher'
Jul 09 21:32:39 ubuntu systemd[1]: Started Network Manager Script Dispatcher Service.
Jul 09 21:32:39 ubuntu NetworkManager[1217]: <info>  [1531171959.3355] init!
Jul 09 21:32:39 ubuntu NetworkManager[1217]: <info>  [1531171959.3359]       interface-parser: parsing file /etc/network/interfaces
Jul 09 21:32:39 ubuntu NetworkManager[1217]: <info>  [1531171959.3360]       interface-parser: finished parsing file /etc/network/interfaces
Jul 09 21:32:39 ubuntu NetworkManager[1217]: <info>  [1531171959.3361] management mode: unmanaged
Jul 09 21:32:39 ubuntu NetworkManager[1217]: <info>  [1531171959.3374] devices added (path: /sys/devices/pci0000:00/80860F14:01/mmc_host/mmc1/mmc1:0001/mmc1:0001:1/net/wlan0, iface: wlan0)
Jul 09 21:32:39 ubuntu NetworkManager[1217]: <info>  [1531171959.3375] device added (path: /sys/devices/pci0000:00/80860F14:01/mmc_host/mmc1/mmc1:0001/mmc1:0001:1/net/wlan0, iface: wlan0): no ifupdown configuration found.
Jul 09 21:32:39 ubuntu NetworkManager[1217]: <info>  [1531171959.3378] devices added (path: /sys/devices/virtual/net/lo, iface: lo)
Jul 09 21:32:39 ubuntu NetworkManager[1217]: <info>  [1531171959.3378] device added (path: /sys/devices/virtual/net/lo, iface: lo): no ifupdown configuration found.
Jul 09 21:32:39 ubuntu NetworkManager[1217]: <info>  [1531171959.3379] end _init.
Jul 09 21:32:39 ubuntu NetworkManager[1217]: <info>  [1531171959.3379] settings: loaded plugin ifupdown: (C) 2008 Canonical Ltd.  To report bugs please use the NetworkManager mailing list. (/usr/lib/x86_64-linux-gnu/NetworkManager/libnm-settings-plugin-ifupdown.so)
Jul 09 21:32:39 ubuntu NetworkManager[1217]: <info>  [1531171959.3381] settings: loaded plugin keyfile: (c) 2007 - 2016 Red Hat, Inc.  To report bugs please use the NetworkManager mailing list.
Jul 09 21:32:39 ubuntu NetworkManager[1217]: <info>  [1531171959.3381] (653700288) ... get_connections.
Jul 09 21:32:39 ubuntu NetworkManager[1217]: <info>  [1531171959.3382] (653700288) ... get_connections (managed=false): return empty list.
Jul 09 21:32:39 ubuntu NetworkManager[1217]: <info>  [1531171959.3436] get unmanaged devices count: 0
Jul 09 21:32:39 ubuntu NetworkManager[1217]: <info>  [1531171959.3438] manager: rfkill: WiFi enabled by radio killswitch; enabled by state file
Jul 09 21:32:39 ubuntu NetworkManager[1217]: <info>  [1531171959.3439] manager: rfkill: WWAN enabled by radio killswitch; enabled by state file
Jul 09 21:32:39 ubuntu NetworkManager[1217]: <info>  [1531171959.3440] manager: Networking is enabled by state file
Jul 09 21:32:39 ubuntu NetworkManager[1217]: <info>  [1531171959.3447] dhcp-init: Using DHCP client 'dhclient'
Jul 09 21:32:39 ubuntu nm-dispatcher[1451]: req:1 'hostname': new request (1 scripts)
Jul 09 21:32:39 ubuntu nm-dispatcher[1451]: req:1 'hostname': start running ordered scripts...
Jul 09 21:32:39 ubuntu NetworkManager[1217]: <info>  [1531171959.3598] Loaded device plugin: NMBondDeviceFactory (internal)
Jul 09 21:32:39 ubuntu NetworkManager[1217]: <info>  [1531171959.3600] Loaded device plugin: NMBridgeDeviceFactory (internal)
Jul 09 21:32:39 ubuntu NetworkManager[1217]: <info>  [1531171959.3600] Loaded device plugin: NMDummyDeviceFactory (internal)
Jul 09 21:32:39 ubuntu NetworkManager[1217]: <info>  [1531171959.3601] Loaded device plugin: NMEthernetDeviceFactory (internal)
Jul 09 21:32:39 ubuntu NetworkManager[1217]: <info>  [1531171959.3601] Loaded device plugin: NMInfinibandDeviceFactory (internal)
Jul 09 21:32:39 ubuntu NetworkManager[1217]: <info>  [1531171959.3602] Loaded device plugin: NMIPTunnelDeviceFactory (internal)
Jul 09 21:32:39 ubuntu NetworkManager[1217]: <info>  [1531171959.3602] Loaded device plugin: NMMacsecDeviceFactory (internal)
Jul 09 21:32:39 ubuntu NetworkManager[1217]: <info>  [1531171959.3603] Loaded device plugin: NMMacvlanDeviceFactory (internal)
Jul 09 21:32:39 ubuntu NetworkManager[1217]: <info>  [1531171959.3604] Loaded device plugin: NMPppDeviceFactory (internal)
Jul 09 21:32:39 ubuntu NetworkManager[1217]: <info>  [1531171959.3606] Loaded device plugin: NMTunDeviceFactory (internal)
Jul 09 21:32:39 ubuntu NetworkManager[1217]: <info>  [1531171959.3607] Loaded device plugin: NMVethDeviceFactory (internal)
Jul 09 21:32:39 ubuntu NetworkManager[1217]: <info>  [1531171959.3607] Loaded device plugin: NMVlanDeviceFactory (internal)
Jul 09 21:32:39 ubuntu NetworkManager[1217]: <info>  [1531171959.3608] Loaded device plugin: NMVxlanDeviceFactory (internal)
Jul 09 21:32:39 ubuntu NetworkManager[1217]: <info>  [1531171959.3691] Loaded device plugin: NMAtmManager (/usr/lib/x86_64-linux-gnu/NetworkManager/libnm-device-plugin-adsl.so)
Jul 09 21:32:39 ubuntu NetworkManager[1217]: <info>  [1531171959.4371] Loaded device plugin: NMBluezManager (/usr/lib/x86_64-linux-gnu/NetworkManager/libnm-device-plugin-bluetooth.so)
Jul 09 21:32:39 ubuntu NetworkManager[1217]: <info>  [1531171959.4909] Loaded device plugin: NMTeamFactory (/usr/lib/x86_64-linux-gnu/NetworkManager/libnm-device-plugin-team.so)
Jul 09 21:32:39 ubuntu NetworkManager[1217]: <info>  [1531171959.5042] Loaded device plugin: NMWifiFactory (/usr/lib/x86_64-linux-gnu/NetworkManager/libnm-device-plugin-wifi.so)
Jul 09 21:32:39 ubuntu NetworkManager[1217]: <info>  [1531171959.5078] Loaded device plugin: NMWwanFactory (/usr/lib/x86_64-linux-gnu/NetworkManager/libnm-device-plugin-wwan.so)
Jul 09 21:32:39 ubuntu NetworkManager[1217]: <info>  [1531171959.5115] device (lo): carrier: link connected
Jul 09 21:32:39 ubuntu NetworkManager[1217]: <info>  [1531171959.5201] manager: (lo): new Generic device (/org/freedesktop/NetworkManager/Devices/1)
Jul 09 21:32:39 ubuntu NetworkManager[1217]: <info>  [1531171959.5256] wifi-nl80211: (wlan0): using nl80211 for WiFi device control
Jul 09 21:32:39 ubuntu NetworkManager[1217]: <info>  [1531171959.5270] device (wlan0): driver supports Access Point (AP) mode
Jul 09 21:32:39 ubuntu snapd[1224]: AppArmor status: apparmor is enabled but some features are missing: dbus, network
Jul 09 21:32:39 ubuntu NetworkManager[1217]: <info>  [1531171959.5390] manager: (wlan0): new 802.11 WiFi device (/org/freedesktop/NetworkManager/Devices/2)
Jul 09 21:32:39 ubuntu snapd[1224]: 2018/07/09 21:32:39.547694 backend.go:123: snapd enabled root filesystem on overlay support, additional upperdir permissions granted
Jul 09 21:32:39 ubuntu systemd[1]: Started GNOME Display Manager.
Jul 09 21:32:39 ubuntu NetworkManager[1217]: <info>  [1531171959.6286] modem-manager: ModemManager available
Jul 09 21:32:39 ubuntu NetworkManager[1217]: <info>  [1531171959.6287] supplicant: wpa_supplicant running
Jul 09 21:32:39 ubuntu networkd-dispatcher[1196]: WARNING: systemd-networkd is not running, output will be incomplete.
Jul 09 21:32:39 ubuntu systemd[1]: Started Dispatcher daemon for systemd-networkd.
Jul 09 21:32:40 ubuntu gdm-autologin][1515]: gkr-pam: no password is available for user
Jul 09 21:32:40 ubuntu gdm-autologin][1515]: pam_unix(gdm-autologin:session): session opened for user ubuntu by (uid=0)
Jul 09 21:32:40 ubuntu systemd-logind[1193]: New session 1 of user ubuntu.
Jul 09 21:32:40 ubuntu systemd[1]: Created slice User Slice of ubuntu.
Jul 09 21:32:40 ubuntu systemd[1]: Starting User Manager for UID 999...
Jul 09 21:32:40 ubuntu systemd[1]: Started Session 1 of user ubuntu.
Jul 09 21:32:40 ubuntu systemd[1648]: pam_unix(systemd-user:session): session opened for user ubuntu by (uid=0)
Jul 09 21:32:40 ubuntu systemd-udevd[1161]: link_config: autonegotiation is unset or enabled, the speed and duplex are not writable.
Jul 09 21:32:40 ubuntu systemd[1]: Listening on Load/Save RF Kill Switch Status /dev/rfkill Watch.
Jul 09 21:32:40 ubuntu systemd[1]: Starting Load/Save RF Kill Switch Status...
Jul 09 21:32:40 ubuntu systemd[1648]: Started Pending report trigger for Ubuntu Report.
Jul 09 21:32:40 ubuntu systemd[1648]: Reached target Paths.
Jul 09 21:32:40 ubuntu systemd[1648]: Listening on GnuPG cryptographic agent and passphrase cache (access for web browsers).
Jul 09 21:32:40 ubuntu systemd[1648]: Listening on GnuPG network certificate management daemon.
Jul 09 21:32:40 ubuntu systemd[1648]: Reached target Timers.
Jul 09 21:32:40 ubuntu systemd[1648]: Listening on GnuPG cryptographic agent and passphrase cache (restricted).
Jul 09 21:32:40 ubuntu systemd[1648]: Listening on GnuPG cryptographic agent (ssh-agent emulation).
Jul 09 21:32:40 ubuntu systemd[1648]: Listening on GnuPG cryptographic agent and passphrase cache.
Jul 09 21:32:40 ubuntu systemd[1648]: Starting D-Bus User Message Bus Socket.
Jul 09 21:32:40 ubuntu NetworkManager[1217]: <info>  [1531171960.7159] devices added (path: /sys/devices/virtual/net/lo, iface: lo)
Jul 09 21:32:40 ubuntu NetworkManager[1217]: <info>  [1531171960.7160] device added (path: /sys/devices/virtual/net/lo, iface: lo): no ifupdown configuration found.
Jul 09 21:32:40 ubuntu systemd[1648]: Listening on D-Bus User Message Bus Socket.
Jul 09 21:32:40 ubuntu systemd[1648]: Reached target Sockets.
Jul 09 21:32:40 ubuntu systemd[1648]: Reached target Basic System.
Jul 09 21:32:40 ubuntu systemd[1648]: Reached target Default.
Jul 09 21:32:40 ubuntu systemd[1648]: Startup finished in 257ms.
Jul 09 21:32:40 ubuntu systemd[1]: Started User Manager for UID 999.
Jul 09 21:32:40 ubuntu kernel: input: gpio-keys as /devices/platform/gpio-keys.0.auto/input/input7
Jul 09 21:32:40 ubuntu kernel: input: gpio-keys as /devices/platform/gpio-keys.1.auto/input/input8
Jul 09 21:32:41 ubuntu audit[1490]: AVC apparmor="STATUS" operation="profile_load" profile="unconfined" name="/usr/lib/snapd/snap-confine" pid=1490 comm="apparmor_parser"
Jul 09 21:32:41 ubuntu kernel: audit: type=1400 audit(1531171961.003:2): apparmor="STATUS" operation="profile_load" profile="unconfined" name="/usr/lib/snapd/snap-confine" pid=1490 comm="apparmor_parser"
Jul 09 21:32:41 ubuntu audit[1490]: AVC apparmor="STATUS" operation="profile_load" profile="unconfined" name="/usr/lib/snapd/snap-confine//mount-namespace-capture-helper" pid=1490 comm="apparmor_parser"
Jul 09 21:32:41 ubuntu kernel: audit: type=1400 audit(1531171961.007:3): apparmor="STATUS" operation="profile_load" profile="unconfined" name="/usr/lib/snapd/snap-confine//mount-namespace-capture-helper" pid=1490 comm="apparmor_parser"
Jul 09 21:32:41 ubuntu snapd[1224]: 2018/07/09 21:32:41.017946 helpers.go:115: error trying to compare the snap system key: system-key missing on disk
Jul 09 21:32:41 ubuntu snapd[1224]: 2018/07/09 21:32:41.026250 daemon.go:323: started snapd/2.32.9+18.04 (series 16; classic; devmode) ubuntu/18.04 (amd64) linux/4.17.5.
Jul 09 21:32:41 ubuntu systemd[1]: Started Snappy daemon.
Jul 09 21:32:41 ubuntu systemd[1]: Starting Wait until snapd is fully seeded...
Jul 09 21:32:41 ubuntu snapd[1224]: 2018/07/09 21:32:41.040899 stateengine.go:101: state ensure error: Get https://api.snapcraft.io/api/v1/snaps/sections: dial tcp: lookup api.snapcraft.io on 127.0.0.53:53: server misbehaving
Jul 09 21:32:41 ubuntu systemd[1]: Starting Holds Snappy daemon refresh...
Jul 09 21:32:41 ubuntu kernel: axp288_extcon axp288_extcon: controlling USB role based on Vbus presence
Jul 09 21:32:41 ubuntu systemd[1]: Starting IIO Sensor Proxy service...
Jul 09 21:32:41 ubuntu /usr/lib/gdm3/gdm-x-session[1705]: (--) Log file renamed from "/home/ubuntu/.local/share/xorg/Xorg.pid-1711.log" to "/home/ubuntu/.local/share/xorg/Xorg.0.log"
Jul 09 21:32:41 ubuntu /usr/lib/gdm3/gdm-x-session[1705]: X.Org X Server 1.19.6
Jul 09 21:32:41 ubuntu /usr/lib/gdm3/gdm-x-session[1705]: Release Date: 2017-12-20
Jul 09 21:32:41 ubuntu /usr/lib/gdm3/gdm-x-session[1705]: X Protocol Version 11, Revision 0
Jul 09 21:32:41 ubuntu /usr/lib/gdm3/gdm-x-session[1705]: Build Operating System: Linux 4.4.0-119-generic x86_64 Ubuntu
Jul 09 21:32:41 ubuntu /usr/lib/gdm3/gdm-x-session[1705]: Current Operating System: Linux ubuntu 4.17.5 #1 SMP Mon Jul 9 11:58:10 PDT 2018 x86_64
Jul 09 21:32:41 ubuntu /usr/lib/gdm3/gdm-x-session[1705]: Kernel command line: BOOT_IMAGE=/casper/vmlinuz file=/cdrom/preseed/ubuntu.seed boot=casper quiet splash ---
Jul 09 21:32:41 ubuntu /usr/lib/gdm3/gdm-x-session[1705]: Build Date: 13 April 2018  08:07:36PM
Jul 09 21:32:41 ubuntu /usr/lib/gdm3/gdm-x-session[1705]: xorg-server 2:1.19.6-1ubuntu4 (For technical support please see http://www.ubuntu.com/support)
Jul 09 21:32:41 ubuntu /usr/lib/gdm3/gdm-x-session[1705]: Current version of pixman: 0.34.0
Jul 09 21:32:41 ubuntu /usr/lib/gdm3/gdm-x-session[1705]:         Before reporting problems, check http://wiki.x.org
Jul 09 21:32:41 ubuntu /usr/lib/gdm3/gdm-x-session[1705]:         to make sure that you have the latest version.
Jul 09 21:32:41 ubuntu /usr/lib/gdm3/gdm-x-session[1705]: Markers: (--) probed, (**) from config file, (==) default setting,
Jul 09 21:32:41 ubuntu /usr/lib/gdm3/gdm-x-session[1705]:         (++) from command line, (!!) notice, (II) informational,
Jul 09 21:32:41 ubuntu /usr/lib/gdm3/gdm-x-session[1705]:         (WW) warning, (EE) error, (NI) not implemented, (??) unknown.
Jul 09 21:32:41 ubuntu /usr/lib/gdm3/gdm-x-session[1705]: (==) Log file: "/home/ubuntu/.local/share/xorg/Xorg.0.log", Time: Mon Jul  9 21:32:41 2018
Jul 09 21:32:41 ubuntu /usr/lib/gdm3/gdm-x-session[1705]: (==) Using system config directory "/usr/share/X11/xorg.conf.d"
Jul 09 21:32:41 ubuntu /usr/lib/gdm3/gdm-x-session[1705]: (==) No Layout section.  Using the first Screen section.
Jul 09 21:32:41 ubuntu /usr/lib/gdm3/gdm-x-session[1705]: (==) No screen section available. Using defaults.
Jul 09 21:32:41 ubuntu /usr/lib/gdm3/gdm-x-session[1705]: (**) |-->Screen "Default Screen Section" (0)
Jul 09 21:32:41 ubuntu /usr/lib/gdm3/gdm-x-session[1705]: (**) |   |-->Monitor "<default monitor>"
Jul 09 21:32:41 ubuntu /usr/lib/gdm3/gdm-x-session[1705]: (==) No monitor specified for screen "Default Screen Section".
Jul 09 21:32:41 ubuntu /usr/lib/gdm3/gdm-x-session[1705]:         Using a default monitor configuration.
Jul 09 21:32:41 ubuntu /usr/lib/gdm3/gdm-x-session[1705]: (==) Automatically adding devices
Jul 09 21:32:41 ubuntu /usr/lib/gdm3/gdm-x-session[1705]: (==) Automatically enabling devices
Jul 09 21:32:41 ubuntu /usr/lib/gdm3/gdm-x-session[1705]: (==) Automatically adding GPU devices
Jul 09 21:32:41 ubuntu /usr/lib/gdm3/gdm-x-session[1705]: (==) Automatically binding GPU devices
Jul 09 21:32:41 ubuntu /usr/lib/gdm3/gdm-x-session[1705]: (==) Max clients allowed: 256, resource mask: 0x1fffff
Jul 09 21:32:41 ubuntu /usr/lib/gdm3/gdm-x-session[1705]: (WW) The directory "/usr/share/fonts/X11/cyrillic" does not exist.
Jul 09 21:32:41 ubuntu /usr/lib/gdm3/gdm-x-session[1705]:         Entry deleted from font path.
Jul 09 21:32:41 ubuntu /usr/lib/gdm3/gdm-x-session[1705]: (WW) The directory "/usr/share/fonts/X11/100dpi/" does not exist.
Jul 09 21:32:41 ubuntu /usr/lib/gdm3/gdm-x-session[1705]:         Entry deleted from font path.
Jul 09 21:32:41 ubuntu /usr/lib/gdm3/gdm-x-session[1705]: (WW) The directory "/usr/share/fonts/X11/75dpi/" does not exist.
Jul 09 21:32:41 ubuntu /usr/lib/gdm3/gdm-x-session[1705]:         Entry deleted from font path.
Jul 09 21:32:41 ubuntu /usr/lib/gdm3/gdm-x-session[1705]: (WW) The directory "/usr/share/fonts/X11/100dpi" does not exist.
Jul 09 21:32:41 ubuntu /usr/lib/gdm3/gdm-x-session[1705]:         Entry deleted from font path.
Jul 09 21:32:41 ubuntu /usr/lib/gdm3/gdm-x-session[1705]: (WW) The directory "/usr/share/fonts/X11/75dpi" does not exist.
Jul 09 21:32:41 ubuntu /usr/lib/gdm3/gdm-x-session[1705]:         Entry deleted from font path.
Jul 09 21:32:41 ubuntu /usr/lib/gdm3/gdm-x-session[1705]: (==) FontPath set to:
Jul 09 21:32:41 ubuntu /usr/lib/gdm3/gdm-x-session[1705]:         /usr/share/fonts/X11/misc,
Jul 09 21:32:41 ubuntu /usr/lib/gdm3/gdm-x-session[1705]:         /usr/share/fonts/X11/Type1,
Jul 09 21:32:41 ubuntu /usr/lib/gdm3/gdm-x-session[1705]:         built-ins
Jul 09 21:32:41 ubuntu /usr/lib/gdm3/gdm-x-session[1705]: (==) ModulePath set to "/usr/lib/xorg/modules"
Jul 09 21:32:41 ubuntu /usr/lib/gdm3/gdm-x-session[1705]: (II) The server relies on udev to provide the list of input devices.
Jul 09 21:32:41 ubuntu /usr/lib/gdm3/gdm-x-session[1705]:         If no devices become available, reconfigure udev or disable AutoAddDevices.
Jul 09 21:32:41 ubuntu /usr/lib/gdm3/gdm-x-session[1705]: (II) Loader magic: 0x5653a9d0a020
Jul 09 21:32:41 ubuntu /usr/lib/gdm3/gdm-x-session[1705]: (II) Module ABI versions:
Jul 09 21:32:41 ubuntu /usr/lib/gdm3/gdm-x-session[1705]:         X.Org ANSI C Emulation: 0.4
Jul 09 21:32:41 ubuntu /usr/lib/gdm3/gdm-x-session[1705]:         X.Org Video Driver: 23.0
Jul 09 21:32:41 ubuntu /usr/lib/gdm3/gdm-x-session[1705]:         X.Org XInput driver : 24.1
Jul 09 21:32:41 ubuntu /usr/lib/gdm3/gdm-x-session[1705]:         X.Org Server Extension : 10.0
Jul 09 21:32:41 ubuntu /usr/lib/gdm3/gdm-x-session[1705]: (++) using VT number 1
Jul 09 21:32:41 ubuntu /usr/lib/gdm3/gdm-x-session[1705]: (II) systemd-logind: took control of session /org/freedesktop/login1/session/_31
Jul 09 21:32:41 ubuntu /usr/lib/gdm3/gdm-x-session[1705]: (II) xfree86: Adding drm device (/dev/dri/card0)
Jul 09 21:32:41 ubuntu /usr/lib/gdm3/gdm-x-session[1705]: (II) systemd-logind: got fd for /dev/dri/card0 226:0 fd 12 paused 0
Jul 09 21:32:41 ubuntu /usr/lib/gdm3/gdm-x-session[1705]: (--) PCI:*(0:0:2:0) 8086:22b0:8086:7270 rev 54, Mem @ 0x90000000/16777216, 0x80000000/268435456, I/O @ 0x0000f000/64, BIOS @ 0x????????/131072
Jul 09 21:32:41 ubuntu /usr/lib/gdm3/gdm-x-session[1705]: (II) LoadModule: "glx"
Jul 09 21:32:41 ubuntu /usr/lib/gdm3/gdm-x-session[1705]: (II) Loading /usr/lib/xorg/modules/extensions/libglx.so
Jul 09 21:32:41 ubuntu systemd[1]: Started IIO Sensor Proxy service.
Jul 09 21:32:41 ubuntu kernel: snd_soc_sst_byt_cht_es8316: unknown parameter 'index' ignored
Jul 09 21:32:41 ubuntu kernel: intel-spi intel-spi: w25q64dw (8192 Kbytes)
Jul 09 21:32:41 ubuntu systemd-udevd[1132]: link_config: autonegotiation is unset or enabled, the speed and duplex are not writable.
Jul 09 21:32:41 ubuntu iio-sensor-prox[1761]: Could not find trigger name associated with /sys/devices/pci0000:00/808622C1:02/i2c-2/i2c-BOSC0200:00/iio:device0
Jul 09 21:32:41 ubuntu NetworkManager[1217]: <info>  [1531171961.2981] devices added (path: /sys/devices/pci0000:00/80860F14:01/mmc_host/mmc1/mmc1:0001/mmc1:0001:1/net/wlan0, iface: wlan0)
Jul 09 21:32:41 ubuntu NetworkManager[1217]: <info>  [1531171961.2982] device added (path: /sys/devices/pci0000:00/80860F14:01/mmc_host/mmc1/mmc1:0001/mmc1:0001:1/net/wlan0, iface: wlan0): no ifupdown configuration found.
Jul 09 21:32:41 ubuntu NetworkManager[1217]: <info>  [1531171961.2991] manager: startup complete
Jul 09 21:32:41 ubuntu NetworkManager[1217]: <info>  [1531171961.2993] device (wlan0): state change: unmanaged -> unavailable (reason 'managed', sys-iface-state: 'external')
Jul 09 21:32:41 ubuntu kernel: IPv6: ADDRCONF(NETDEV_UP): wlan0: link is not ready
Jul 09 21:32:41 ubuntu kernel: rtl8723bs: acquire FW from file:rtlwifi/rtl8723bs_nic.bin
Jul 09 21:32:41 ubuntu kernel: bytcht_es8316 bytcht_es8316: snd-soc-dummy-dai <-> media-cpu-dai mapping ok
Jul 09 21:32:41 ubuntu kernel: bytcht_es8316 bytcht_es8316: snd-soc-dummy-dai <-> deepbuffer-cpu-dai mapping ok
Jul 09 21:32:41 ubuntu kernel: bytcht_es8316 bytcht_es8316: ES8316 HiFi <-> ssp2-port mapping ok
Jul 09 21:32:41 ubuntu systemd[1]: Started Load/Save RF Kill Switch Status.
Jul 09 21:32:41 ubuntu systemd-logind[1193]: Watching system buttons on /dev/input/event8 (gpio-keys)
Jul 09 21:32:41 ubuntu kernel: Creating 1 MTD partitions on "intel-spi":
Jul 09 21:32:41 ubuntu kernel: 0x000000000000-0x000000800000 : "BIOS"
Jul 09 21:32:41 ubuntu systemd[1]: Starting bytcr_rt5651_sound.service...
Jul 09 21:32:41 ubuntu /usr/lib/gdm3/gdm-x-session[1705]: (II) Module glx: vendor="X.Org Foundation"
Jul 09 21:32:41 ubuntu /usr/lib/gdm3/gdm-x-session[1705]:         compiled for 1.19.6, module version = 1.0.0
Jul 09 21:32:41 ubuntu /usr/lib/gdm3/gdm-x-session[1705]:         ABI class: X.Org Server Extension, version 10.0
Jul 09 21:32:41 ubuntu /usr/lib/gdm3/gdm-x-session[1705]: (==) Matched modesetting as autoconfigured driver 0
Jul 09 21:32:41 ubuntu /usr/lib/gdm3/gdm-x-session[1705]: (==) Matched fbdev as autoconfigured driver 1
Jul 09 21:32:41 ubuntu /usr/lib/gdm3/gdm-x-session[1705]: (==) Matched vesa as autoconfigured driver 2
Jul 09 21:32:41 ubuntu /usr/lib/gdm3/gdm-x-session[1705]: (==) Assigned the driver to the xf86ConfigLayout
Jul 09 21:32:41 ubuntu /usr/lib/gdm3/gdm-x-session[1705]: (II) LoadModule: "modesetting"
Jul 09 21:32:41 ubuntu /usr/lib/gdm3/gdm-x-session[1705]: (II) Loading /usr/lib/xorg/modules/drivers/modesetting_drv.so
Jul 09 21:32:41 ubuntu /usr/lib/gdm3/gdm-x-session[1705]: (II) Module modesetting: vendor="X.Org Foundation"
Jul 09 21:32:41 ubuntu /usr/lib/gdm3/gdm-x-session[1705]:         compiled for 1.19.6, module version = 1.19.6
Jul 09 21:32:41 ubuntu /usr/lib/gdm3/gdm-x-session[1705]:         Module class: X.Org Video Driver
Jul 09 21:32:41 ubuntu /usr/lib/gdm3/gdm-x-session[1705]:         ABI class: X.Org Video Driver, version 23.0
Jul 09 21:32:41 ubuntu /usr/lib/gdm3/gdm-x-session[1705]: (II) LoadModule: "fbdev"
Jul 09 21:32:41 ubuntu /usr/lib/gdm3/gdm-x-session[1705]: (II) Loading /usr/lib/xorg/modules/drivers/fbdev_drv.so
Jul 09 21:32:41 ubuntu /usr/lib/gdm3/gdm-x-session[1705]: (II) Module fbdev: vendor="X.Org Foundation"
Jul 09 21:32:41 ubuntu /usr/lib/gdm3/gdm-x-session[1705]:         compiled for 1.19.3, module version = 0.4.4
Jul 09 21:32:41 ubuntu /usr/lib/gdm3/gdm-x-session[1705]:         Module class: X.Org Video Driver
Jul 09 21:32:41 ubuntu /usr/lib/gdm3/gdm-x-session[1705]:         ABI class: X.Org Video Driver, version 23.0
Jul 09 21:32:41 ubuntu /usr/lib/gdm3/gdm-x-session[1705]: (II) LoadModule: "vesa"
Jul 09 21:32:41 ubuntu /usr/lib/gdm3/gdm-x-session[1705]: (II) Loading /usr/lib/xorg/modules/drivers/vesa_drv.so
Jul 09 21:32:41 ubuntu /usr/lib/gdm3/gdm-x-session[1705]: (II) Module vesa: vendor="X.Org Foundation"
Jul 09 21:32:41 ubuntu /usr/lib/gdm3/gdm-x-session[1705]:         compiled for 1.19.3, module version = 2.3.4
Jul 09 21:32:41 ubuntu /usr/lib/gdm3/gdm-x-session[1705]:         Module class: X.Org Video Driver
Jul 09 21:32:41 ubuntu /usr/lib/gdm3/gdm-x-session[1705]:         ABI class: X.Org Video Driver, version 23.0
Jul 09 21:32:41 ubuntu /usr/lib/gdm3/gdm-x-session[1705]: (II) modesetting: Driver for Modesetting Kernel Drivers: kms
Jul 09 21:32:41 ubuntu /usr/lib/gdm3/gdm-x-session[1705]: (II) FBDEV: driver for framebuffer: fbdev
Jul 09 21:32:41 ubuntu /usr/lib/gdm3/gdm-x-session[1705]: (II) VESA: driver for VESA chipsets: vesa
Jul 09 21:32:41 ubuntu /usr/lib/gdm3/gdm-x-session[1705]: xf86EnableIOPorts: failed to set IOPL for I/O (Operation not permitted)
Jul 09 21:32:41 ubuntu /usr/lib/gdm3/gdm-x-session[1705]: (II) modeset(0): using drv /dev/dri/card0
Jul 09 21:32:41 ubuntu /usr/lib/gdm3/gdm-x-session[1705]: (WW) Falling back to old probe method for fbdev
Jul 09 21:32:41 ubuntu /usr/lib/gdm3/gdm-x-session[1705]: (II) Loading sub module "fbdevhw"
Jul 09 21:32:41 ubuntu /usr/lib/gdm3/gdm-x-session[1705]: (II) LoadModule: "fbdevhw"
Jul 09 21:32:41 ubuntu /usr/lib/gdm3/gdm-x-session[1705]: (II) Loading /usr/lib/xorg/modules/libfbdevhw.so
Jul 09 21:32:41 ubuntu /usr/lib/gdm3/gdm-x-session[1705]: (II) Module fbdevhw: vendor="X.Org Foundation"
Jul 09 21:32:41 ubuntu /usr/lib/gdm3/gdm-x-session[1705]:         compiled for 1.19.6, module version = 0.0.2
Jul 09 21:32:41 ubuntu /usr/lib/gdm3/gdm-x-session[1705]:         ABI class: X.Org Video Driver, version 23.0
Jul 09 21:32:41 ubuntu /usr/lib/gdm3/gdm-x-session[1705]: (EE) open /dev/fb0: Permission denied
Jul 09 21:32:41 ubuntu /usr/lib/gdm3/gdm-x-session[1705]: (WW) Falling back to old probe method for vesa
Jul 09 21:32:41 ubuntu /usr/lib/gdm3/gdm-x-session[1705]: (WW) VGA arbiter: cannot open kernel arbiter, no multi-card support
Jul 09 21:32:41 ubuntu /usr/lib/gdm3/gdm-x-session[1705]: (II) modeset(0): Creating default Display subsection in Screen section
Jul 09 21:32:41 ubuntu /usr/lib/gdm3/gdm-x-session[1705]:         "Default Screen Section" for depth/fbbpp 24/32
Jul 09 21:32:41 ubuntu /usr/lib/gdm3/gdm-x-session[1705]: (==) modeset(0): Depth 24, (==) framebuffer bpp 32
